
Cadence Innovus(TM) Implementation System.
Copyright 2020 Cadence Design Systems, Inc. All rights reserved worldwide.

Version:	v20.14-s095_1, built Mon Apr 19 14:41:42 PDT 2021
Options:	
Date:		Mon Jul 27 12:22:05 2026
Host:		c2sgpr065.Cambridge.edu.in (x86_64 w/Linux 3.10.0-1160.el7.x86_64) (20cores*80cpus*Intel(R) Xeon(R) Gold 6242R CPU @ 3.10GHz 36608KB)
OS:		Red Hat Enterprise Linux Server release 7.9 (Maipo)

License:
		invs	Innovus Implementation System	20.1	checkout succeeded
		8 CPU jobs allowed with the current license(s). Use setMultiCpuUsage to set your required CPU count.
Change the soft stacksize limit to 0.2%RAM (514 mbytes). Set global soft_stack_size_limit to change the value.

**INFO:  MMMC transition support version v31-84 

<CMD> set_global _enable_mmmc_by_default_flow      $CTE::mmmc_default
<CMD> suppressMessage ENCEXT-2799
<CMD> getVersion
[INFO] Loading PVS 20.11 fill procedures
<CMD> win
<CMD> encMessage warning 0
Suppress "**WARN ..." messages.
<CMD> encMessage debug 0
<CMD> encMessage info 0
rc_best rc_worst
**WARN: (IMPLF-200):	Pin 'PAD' in macro 'apc3d01' has no ANTENNAGATEAREA value defined. The library data is incomplete and some process antenna rules will not be checked correctly.
**WARN: (IMPLF-200):	Pin 'PAD' in macro 'pc3b01' has no ANTENNAGATEAREA value defined. The library data is incomplete and some process antenna rules will not be checked correctly.
**WARN: (IMPLF-200):	Pin 'PAD' in macro 'pc3b01d' has no ANTENNAGATEAREA value defined. The library data is incomplete and some process antenna rules will not be checked correctly.
**WARN: (IMPLF-200):	Pin 'PAD' in macro 'pc3b01u' has no ANTENNAGATEAREA value defined. The library data is incomplete and some process antenna rules will not be checked correctly.
**WARN: (IMPLF-200):	Pin 'PAD' in macro 'pc3b02' has no ANTENNAGATEAREA value defined. The library data is incomplete and some process antenna rules will not be checked correctly.
**WARN: (IMPLF-200):	Pin 'PAD' in macro 'pc3b02d' has no ANTENNAGATEAREA value defined. The library data is incomplete and some process antenna rules will not be checked correctly.
**WARN: (IMPLF-200):	Pin 'PAD' in macro 'pc3b02u' has no ANTENNAGATEAREA value defined. The library data is incomplete and some process antenna rules will not be checked correctly.
**WARN: (IMPLF-200):	Pin 'PAD' in macro 'pc3b03' has no ANTENNAGATEAREA value defined. The library data is incomplete and some process antenna rules will not be checked correctly.
**WARN: (IMPLF-200):	Pin 'PAD' in macro 'pc3b03d' has no ANTENNAGATEAREA value defined. The library data is incomplete and some process antenna rules will not be checked correctly.
**WARN: (IMPLF-200):	Pin 'PAD' in macro 'pc3b03ed' has no ANTENNAGATEAREA value defined. The library data is incomplete and some process antenna rules will not be checked correctly.
**WARN: (IMPLF-200):	Pin 'PAD' in macro 'pc3b03u' has no ANTENNAGATEAREA value defined. The library data is incomplete and some process antenna rules will not be checked correctly.
**WARN: (IMPLF-200):	Pin 'PAD' in macro 'pc3b04' has no ANTENNAGATEAREA value defined. The library data is incomplete and some process antenna rules will not be checked correctly.
**WARN: (IMPLF-200):	Pin 'PAD' in macro 'pc3b04d' has no ANTENNAGATEAREA value defined. The library data is incomplete and some process antenna rules will not be checked correctly.
**WARN: (IMPLF-200):	Pin 'PAD' in macro 'pc3b04u' has no ANTENNAGATEAREA value defined. The library data is incomplete and some process antenna rules will not be checked correctly.
**WARN: (IMPLF-200):	Pin 'PAD' in macro 'pc3b05' has no ANTENNAGATEAREA value defined. The library data is incomplete and some process antenna rules will not be checked correctly.
**WARN: (IMPLF-200):	Pin 'PAD' in macro 'pc3b05d' has no ANTENNAGATEAREA value defined. The library data is incomplete and some process antenna rules will not be checked correctly.
**WARN: (IMPLF-200):	Pin 'PAD' in macro 'pc3b05u' has no ANTENNAGATEAREA value defined. The library data is incomplete and some process antenna rules will not be checked correctly.
**WARN: (IMPLF-200):	Pin 'PAD' in macro 'pc3b21eu' has no ANTENNAGATEAREA value defined. The library data is incomplete and some process antenna rules will not be checked correctly.
**WARN: (IMPLF-200):	Pin 'PAD' in macro 'pc3b25eu' has no ANTENNAGATEAREA value defined. The library data is incomplete and some process antenna rules will not be checked correctly.
**WARN: (IMPLF-200):	Pin 'PAD' in macro 'pc3d00' has no ANTENNAGATEAREA value defined. The library data is incomplete and some process antenna rules will not be checked correctly.
**WARN: (EMS-27):	Message (IMPLF-200) has exceeded the current message display limit of 20.
To increase the message display limit, refer to the product command reference manual.
Loading view definition file from /home/scl_shuttle_8_3/tapeout/pnr/floorplan/C2S0306_fp.enc.dat/viewDefinition.tcl
*** End library_loading (cpu=0.03min, real=0.02min, mem=20.3M, fe_cpu=0.29min, fe_real=1.27min, fe_mem=807.2M) ***
**WARN: (IMPVL-159):	Pin 'VDD' of cell 'aoim22d1' is defined in LEF but not in the timing library.
**WARN: (IMPVL-159):	Pin 'VSS' of cell 'aoim22d1' is defined in LEF but not in the timing library.
**WARN: (IMPVL-159):	Pin 'VDD' of cell 'or04d2' is defined in LEF but not in the timing library.
**WARN: (IMPVL-159):	Pin 'VSS' of cell 'or04d2' is defined in LEF but not in the timing library.
**WARN: (IMPVL-159):	Pin 'VDD' of cell 'an02d1' is defined in LEF but not in the timing library.
**WARN: (IMPVL-159):	Pin 'VSS' of cell 'an02d1' is defined in LEF but not in the timing library.
**WARN: (IMPVL-159):	Pin 'VDD' of cell 'nd02da' is defined in LEF but not in the timing library.
**WARN: (IMPVL-159):	Pin 'VSS' of cell 'nd02da' is defined in LEF but not in the timing library.
**WARN: (IMPVL-159):	Pin 'VDD' of cell 'dl03d2' is defined in LEF but not in the timing library.
**WARN: (IMPVL-159):	Pin 'VSS' of cell 'dl03d2' is defined in LEF but not in the timing library.
**WARN: (IMPVL-159):	Pin 'VDD' of cell 'invtd7' is defined in LEF but not in the timing library.
**WARN: (IMPVL-159):	Pin 'VSS' of cell 'invtd7' is defined in LEF but not in the timing library.
**WARN: (IMPVL-159):	Pin 'VDD' of cell 'slnht2' is defined in LEF but not in the timing library.
**WARN: (IMPVL-159):	Pin 'VSS' of cell 'slnht2' is defined in LEF but not in the timing library.
**WARN: (IMPVL-159):	Pin 'VDD' of cell 'aoim22d2' is defined in LEF but not in the timing library.
**WARN: (IMPVL-159):	Pin 'VSS' of cell 'aoim22d2' is defined in LEF but not in the timing library.
**WARN: (IMPVL-159):	Pin 'VDD' of cell 'mffnrb2' is defined in LEF but not in the timing library.
**WARN: (IMPVL-159):	Pin 'VSS' of cell 'mffnrb2' is defined in LEF but not in the timing library.
**WARN: (IMPVL-159):	Pin 'VDD' of cell 'nr03d7' is defined in LEF but not in the timing library.
**WARN: (IMPVL-159):	Pin 'VSS' of cell 'nr03d7' is defined in LEF but not in the timing library.
**WARN: (EMS-27):	Message (IMPVL-159) has exceeded the current message display limit of 20.
To increase the message display limit, refer to the product command reference manual.
**WARN: (IMPTS-282):	Cell 'pt3t03u' is not a level shifter cell but has 'input_signal_level' and 'output_signal_level' specified on pins, or it has different related_power_pin specified on input and output pins. To mark this cell as level shifter, use 'is_level_shifter' attribute.
**WARN: (IMPTS-282):	Cell 'pt3t03d' is not a level shifter cell but has 'input_signal_level' and 'output_signal_level' specified on pins, or it has different related_power_pin specified on input and output pins. To mark this cell as level shifter, use 'is_level_shifter' attribute.
**WARN: (IMPTS-282):	Cell 'pt3t03' is not a level shifter cell but has 'input_signal_level' and 'output_signal_level' specified on pins, or it has different related_power_pin specified on input and output pins. To mark this cell as level shifter, use 'is_level_shifter' attribute.
**WARN: (IMPTS-282):	Cell 'pt3t02u' is not a level shifter cell but has 'input_signal_level' and 'output_signal_level' specified on pins, or it has different related_power_pin specified on input and output pins. To mark this cell as level shifter, use 'is_level_shifter' attribute.
**WARN: (IMPTS-282):	Cell 'pt3t02d' is not a level shifter cell but has 'input_signal_level' and 'output_signal_level' specified on pins, or it has different related_power_pin specified on input and output pins. To mark this cell as level shifter, use 'is_level_shifter' attribute.
**WARN: (IMPTS-282):	Cell 'pt3t02' is not a level shifter cell but has 'input_signal_level' and 'output_signal_level' specified on pins, or it has different related_power_pin specified on input and output pins. To mark this cell as level shifter, use 'is_level_shifter' attribute.
**WARN: (IMPTS-282):	Cell 'pt3t01u' is not a level shifter cell but has 'input_signal_level' and 'output_signal_level' specified on pins, or it has different related_power_pin specified on input and output pins. To mark this cell as level shifter, use 'is_level_shifter' attribute.
**WARN: (IMPTS-282):	Cell 'pt3t01d' is not a level shifter cell but has 'input_signal_level' and 'output_signal_level' specified on pins, or it has different related_power_pin specified on input and output pins. To mark this cell as level shifter, use 'is_level_shifter' attribute.
**WARN: (IMPTS-282):	Cell 'pt3t01' is not a level shifter cell but has 'input_signal_level' and 'output_signal_level' specified on pins, or it has different related_power_pin specified on input and output pins. To mark this cell as level shifter, use 'is_level_shifter' attribute.
**WARN: (IMPTS-282):	Cell 'pt3o03' is not a level shifter cell but has 'input_signal_level' and 'output_signal_level' specified on pins, or it has different related_power_pin specified on input and output pins. To mark this cell as level shifter, use 'is_level_shifter' attribute.
**WARN: (IMPTS-282):	Cell 'pt3o02' is not a level shifter cell but has 'input_signal_level' and 'output_signal_level' specified on pins, or it has different related_power_pin specified on input and output pins. To mark this cell as level shifter, use 'is_level_shifter' attribute.
**WARN: (IMPTS-282):	Cell 'pt3o01' is not a level shifter cell but has 'input_signal_level' and 'output_signal_level' specified on pins, or it has different related_power_pin specified on input and output pins. To mark this cell as level shifter, use 'is_level_shifter' attribute.
**WARN: (IMPTS-282):	Cell 'pc3t05u' is not a level shifter cell but has 'input_signal_level' and 'output_signal_level' specified on pins, or it has different related_power_pin specified on input and output pins. To mark this cell as level shifter, use 'is_level_shifter' attribute.
**WARN: (IMPTS-282):	Cell 'pc3t05d' is not a level shifter cell but has 'input_signal_level' and 'output_signal_level' specified on pins, or it has different related_power_pin specified on input and output pins. To mark this cell as level shifter, use 'is_level_shifter' attribute.
**WARN: (IMPTS-282):	Cell 'pc3t05' is not a level shifter cell but has 'input_signal_level' and 'output_signal_level' specified on pins, or it has different related_power_pin specified on input and output pins. To mark this cell as level shifter, use 'is_level_shifter' attribute.
**WARN: (IMPTS-282):	Cell 'pc3t04u' is not a level shifter cell but has 'input_signal_level' and 'output_signal_level' specified on pins, or it has different related_power_pin specified on input and output pins. To mark this cell as level shifter, use 'is_level_shifter' attribute.
**WARN: (IMPTS-282):	Cell 'pc3t04d' is not a level shifter cell but has 'input_signal_level' and 'output_signal_level' specified on pins, or it has different related_power_pin specified on input and output pins. To mark this cell as level shifter, use 'is_level_shifter' attribute.
**WARN: (IMPTS-282):	Cell 'pc3t04' is not a level shifter cell but has 'input_signal_level' and 'output_signal_level' specified on pins, or it has different related_power_pin specified on input and output pins. To mark this cell as level shifter, use 'is_level_shifter' attribute.
**WARN: (IMPTS-282):	Cell 'pc3t03u' is not a level shifter cell but has 'input_signal_level' and 'output_signal_level' specified on pins, or it has different related_power_pin specified on input and output pins. To mark this cell as level shifter, use 'is_level_shifter' attribute.
**WARN: (IMPTS-282):	Cell 'pc3t03d' is not a level shifter cell but has 'input_signal_level' and 'output_signal_level' specified on pins, or it has different related_power_pin specified on input and output pins. To mark this cell as level shifter, use 'is_level_shifter' attribute.
**WARN: (EMS-27):	Message (IMPTS-282) has exceeded the current message display limit of 20.
To increase the message display limit, refer to the product command reference manual.
*** Netlist is unique.
**WARN: (IMPFP-3961):	The techSite 'CO_MSTR_c' has no related standard cells in LEF/OA library. Cannot make calculations for this site type unless standard cell models of this type exist in the LEF/OA library. If the SITE is not used by the library you can ignore this warning or remove the SITE definition from the LEF/OA to avoid this message.
**WARN: (IMPFP-3961):	The techSite 'IOSite_c' has no related standard cells in LEF/OA library. Cannot make calculations for this site type unless standard cell models of this type exist in the LEF/OA library. If the SITE is not used by the library you can ignore this warning or remove the SITE definition from the LEF/OA to avoid this message.
Loading preference file /home/scl_shuttle_8_3/tapeout/pnr/floorplan/C2S0306_fp.enc.dat/gui.pref.tcl ...
**WARN: (IMPFP-3961):	The techSite 'CO_MSTR_c' has no related standard cells in LEF/OA library. Cannot make calculations for this site type unless standard cell models of this type exist in the LEF/OA library. If the SITE is not used by the library you can ignore this warning or remove the SITE definition from the LEF/OA to avoid this message.
**WARN: (IMPFP-3961):	The techSite 'IOSite_c' has no related standard cells in LEF/OA library. Cannot make calculations for this site type unless standard cell models of this type exist in the LEF/OA library. If the SITE is not used by the library you can ignore this warning or remove the SITE definition from the LEF/OA to avoid this message.
Loading place ...
**WARN: (IMPEXT-2662):	Cap table /home/scl_shuttle_8_3/tapeout/pnr/floorplan/C2S0306_fp.enc.dat/libs/mmmc/C2S0306.CapTbl does not have the EXTENDED section. It will use only BASIC cap table section for RC extraction.
**WARN: (IMPEXT-2662):	Cap table /home/scl_shuttle_8_3/tapeout/pnr/floorplan/C2S0306_fp.enc.dat/libs/mmmc/C2S0306.CapTbl does not have the EXTENDED section. It will use only BASIC cap table section for RC extraction.
max_delay min_delay
**WARN: (IMPCTE-107):	The following globals have been obsoleted since version 20.14-s095_1. They will be removed in the next release. 
timing_enable_default_delay_arc
<CMD> globalNetConnect VDD_CORE -type pgpin -pin VDD -all
<CMD> globalNetConnect VSS_CORE -type pgpin -pin VSS -all
<CMD> globalNetConnect VDDO_CORE -type pgpin -pin VDDO -all
<CMD> globalNetConnect VSSO_CORE -type pgpin -pin VSSO -all
<CMD> globalNetConnect VDD_CORE -type tiehi
<CMD> globalNetConnect VSS_CORE -type tielo
<CMD> zoomOut
<CMD> fit
<CMD> set sprCreateIeRingOffset 1.0
<CMD> set sprCreateIeRingThreshold 1.0
<CMD> set sprCreateIeRingJogDistance 1.0
<CMD> set sprCreateIeRingLayers {}
<CMD> set sprCreateIeRingOffset 1.0
<CMD> set sprCreateIeRingThreshold 1.0
<CMD> set sprCreateIeRingJogDistance 1.0
<CMD> set sprCreateIeRingLayers {}
<CMD> set sprCreateIeStripeWidth 10.0
<CMD> set sprCreateIeStripeThreshold 1.0
<CMD> set sprCreateIeStripeWidth 10.0
<CMD> set sprCreateIeStripeThreshold 1.0
<CMD> set sprCreateIeRingOffset 1.0
<CMD> set sprCreateIeRingThreshold 1.0
<CMD> set sprCreateIeRingJogDistance 1.0
<CMD> set sprCreateIeRingLayers {}
<CMD> set sprCreateIeStripeWidth 10.0
<CMD> set sprCreateIeStripeThreshold 1.0
<CMD> setAddRingMode -ring_target default -extend_over_row 0 -ignore_rows 0 -avoid_short 0 -skip_crossing_trunks none -stacked_via_top_layer TOP_M -stacked_via_bottom_layer M1 -via_using_exact_crossover_size 1 -orthogonal_only true -skip_via_on_pin {  standardcell } -skip_via_on_wire_shape {  noshape }
The ring targets are set to core/block ring wires.
addRing command will consider rows while creating rings.
addRing command will disallow rings to go over rows.
addRing command will ignore shorts while creating rings.
<CMD> addRing -nets {VDD_CORE VSS_CORE} -type core_rings -follow core -layer {top M5 bottom M5 left TOP_M right TOP_M} -width {top 25 bottom 25 left 25 right 25} -spacing {top 10 bottom 10 left 10 right 10} -offset {top 1.8 bottom 1.8 left 1.8 right 1.8} -center 1 -threshold 0 -jog_distance 0 -snap_wire_center_to_grid None

Loading cell geometries (cpu: 0:00:00.0, real: 0:00:00.0, peak mem: 1853.5M)
Ring generation is complete.
vias are now being generated.
addRing created 8 wires.
ViaGen created 8 vias, deleted 0 via to avoid violation.
+--------+----------------+----------------+
|  Layer |     Created    |     Deleted    |
+--------+----------------+----------------+
|   M5   |        4       |       NA       |
|  TOP_V |        8       |        0       |
|  TOP_M |        4       |       NA       |
+--------+----------------+----------------+
<CMD> set sprCreateIeRingOffset 1.0
<CMD> set sprCreateIeRingThreshold 1.0
<CMD> set sprCreateIeRingJogDistance 1.0
<CMD> set sprCreateIeRingLayers {}
<CMD> set sprCreateIeRingOffset 1.0
<CMD> set sprCreateIeRingThreshold 1.0
<CMD> set sprCreateIeRingJogDistance 1.0
<CMD> set sprCreateIeRingLayers {}
<CMD> set sprCreateIeStripeWidth 10.0
<CMD> set sprCreateIeStripeThreshold 1.0
<CMD> set sprCreateIeStripeWidth 10.0
<CMD> set sprCreateIeStripeThreshold 1.0
<CMD> set sprCreateIeRingOffset 1.0
<CMD> set sprCreateIeRingThreshold 1.0
<CMD> set sprCreateIeRingJogDistance 1.0
<CMD> set sprCreateIeRingLayers {}
<CMD> set sprCreateIeStripeWidth 10.0
<CMD> set sprCreateIeStripeThreshold 1.0
<CMD> setAddStripeMode -ignore_block_check false -break_at none -route_over_rows_only false -rows_without_stripes_only false -extend_to_closest_target none -stop_at_last_wire_for_area false -partial_set_thru_domain false -ignore_nondefault_domains false -trim_antenna_back_to_shape none -spacing_type edge_to_edge -spacing_from_block 0 -stripe_min_length stripe_width -stacked_via_top_layer TOP_M -stacked_via_bottom_layer M1 -via_using_exact_crossover_size false -split_vias false -orthogonal_only true -allow_jog { padcore_ring  block_ring } -skip_via_on_pin {  standardcell } -skip_via_on_wire_shape {  noshape   }
addStripe will allow jog to connect padcore ring and block ring.

Stripes will stop at the boundary of the specified area.
When breaking rings, the power planner will consider the existence of blocks.
Stripes will not extend to closest target.
The power planner will set stripe antenna targets to none (no trimming allowed).
Stripes will not be created over regions without power planning wires.
The entire stripe set will break at the domain if one of the nets is not in the domain.
addStripe will break automatically at non-default domains when generating global stripes over the core area or default domain.
Offset for stripe breaking is set to 0.
<CMD> addStripe -nets {VDD_CORE VSS_CORE} -layer TOP_M -direction vertical -width 10 -spacing 10 -set_to_set_distance 100 -start_from left -switch_layer_over_obs false -max_same_layer_jog_length 2 -padcore_ring_top_layer_limit TOP_M -padcore_ring_bottom_layer_limit M1 -block_ring_top_layer_limit TOP_M -block_ring_bottom_layer_limit M1 -use_wire_group 0 -snap_wire_center_to_grid None

Initialize fgc environment(mem: 1864.2M) ...  fail and won't use fgc to check drc(cpu: 0:00:00.0, real: 0:00:00.0, peak mem: 1864.2M)
Loading cell geometries (cpu: 0:00:00.0, real: 0:00:00.0, peak mem: 1864.2M)
Loading wires (cpu: 0:00:00.0, real: 0:00:00.0, peak mem: 1864.2M)
Loading via instances (cpu: 0:00:00.0, real: 0:00:00.0, peak mem: 1864.2M)
Starting stripe generation ...
Non-Default Mode Option Settings :
  NONE
Completing 10% stripe generation(cpu: 0:00:00.0, real: 0:00:00.0, peak mem: 1864.2M)
Completing 20% stripe generation(cpu: 0:00:00.0, real: 0:00:00.0, peak mem: 1864.2M)
Completing 30% stripe generation(cpu: 0:00:00.0, real: 0:00:00.0, peak mem: 1864.2M)
Completing 40% stripe generation(cpu: 0:00:00.0, real: 0:00:00.0, peak mem: 1864.2M)
Completing 50% stripe generation(cpu: 0:00:00.0, real: 0:00:00.0, peak mem: 1864.2M)
Completing 60% stripe generation(cpu: 0:00:00.0, real: 0:00:00.0, peak mem: 1864.2M)
Completing 70% stripe generation(cpu: 0:00:00.0, real: 0:00:00.0, peak mem: 1864.2M)
Completing 80% stripe generation(cpu: 0:00:00.0, real: 0:00:00.0, peak mem: 1864.2M)
Completing 90% stripe generation(cpu: 0:00:00.0, real: 0:00:00.0, peak mem: 1864.2M)
Completing 100% stripe generation(cpu: 0:00:00.0, real: 0:00:00.0, peak mem: 1864.2M)
Stripe generation is complete.
vias are now being generated.
addStripe created 44 wires.
ViaGen created 88 vias, deleted 0 via to avoid violation.
+--------+----------------+----------------+
|  Layer |     Created    |     Deleted    |
+--------+----------------+----------------+
|  TOP_V |       88       |        0       |
|  TOP_M |       44       |       NA       |
+--------+----------------+----------------+
<CMD> setSrouteMode -viaConnectToShape { noshape }
<CMD> sroute -connect { padPin corePin floatingStripe } -layerChangeRange { M1(1) TOP_M(6) } -blockPinTarget { nearestTarget } -padPinPortConnect { allPort oneGeom } -padPinTarget { nearestTarget } -corePinTarget { firstAfterRowEnd } -floatingStripeTarget { blockring padring ring stripe ringpin blockpin followpin } -allowJogging 1 -crossoverViaLayerRange { M1(1) TOP_M(6) } -nets { VDD_CORE VSS_CORE } -allowLayerChange 1 -targetViaLayerRange { M1(1) TOP_M(6) }
**WARN: (IMPSR-4058):	Sroute option: blockPinTarget should be used in conjunction with option: -connect blockPin. 
*** Begin SPECIAL ROUTE on Mon Jul 27 12:25:57 2026 ***
SPECIAL ROUTE ran on directory: /home/scl_shuttle_8_3/tapeout/pnr/power_planning
SPECIAL ROUTE ran on machine: c2sgpr065.Cambridge.edu.in (Linux 3.10.0-1160.el7.x86_64 Xeon 3.80Ghz)

Begin option processing ...
srouteConnectPowerBump set to false
routeSelectNet set to "VDD_CORE VSS_CORE"
routeSpecial set to true
srouteBottomLayerLimit set to 1
srouteBottomTargetLayerLimit set to 1
srouteConnectBlockPin set to false
srouteConnectConverterPin set to false
srouteCrossoverViaBottomLayer set to 1
srouteCrossoverViaTopLayer set to 6
srouteFloatingStripeTarget set to "blockring padring ring stripe ringpin blockpin followpin"
srouteFollowCorePinEnd set to 3
srouteFollowPadPin set to false
srouteJogControl set to "preferWithChanges differentLayer"
srouteNoViaOnWireShape set to "padring ring stripe blockring blockpin coverpin blockwire corewire followpin iowire"
sroutePadPinAllPorts set to true
sroutePreserveExistingRoutes set to true
srouteRoutePowerBarPortOnBothDir set to true
srouteStopBlockPin set to "nearestTarget"
srouteTopLayerLimit set to 6
srouteTopTargetLayerLimit set to 6
End option processing: cpu: 0:00:00, real: 0:00:00, peak: 2988.00 megs.

Reading DB technology information...
Finished reading DB technology information.
Reading floorplan and netlist information...
Finished reading floorplan and netlist information.
Read in 12 layers, 6 routing layers, 1 overlap layer
Read in 553 macros, 150 used
Read in 442 components
  138 core components: 138 unplaced, 0 placed, 0 fixed
  300 pad components: 0 unplaced, 264 placed, 36 fixed
  4 other components: 0 unplaced, 0 placed, 4 fixed
Read in 19 logical pins
Read in 19 nets
Read in 4 special nets, 2 routed
Read in 420 terminals
2 nets selected.

Begin power routing ...
CPU time for FollowPin 0 seconds
CPU time for FollowPin 0 seconds
  Number of IO ports routed: 8
  Number of Stripe ports routed: 0
  Number of Core ports routed: 784
  Number of Followpin connections: 392
End power routing: cpu: 0:00:00, real: 0:00:01, peak: 3049.00 megs.



 Begin updating DB with routing results ...
 Updating DB with 6 via definition ...

sroute post-processing starts at Mon Jul 27 12:25:58 2026
The viaGen is rebuilding shadow vias for net VSS_CORE.
sroute post-processing ends at Mon Jul 27 12:25:58 2026
sroute created 1208 wires.
ViaGen created 3912 vias, deleted 0 via to avoid violation.
+--------+----------------+----------------+
|  Layer |     Created    |     Deleted    |
+--------+----------------+----------------+
|   M1   |      1194      |       NA       |
|   V2   |       790      |        0       |
|   M2   |        6       |       NA       |
|   V3   |       782      |        0       |
|   V4   |       782      |        0       |
|   M4   |        4       |       NA       |
|   V5   |       786      |        0       |
|   M5   |        4       |       NA       |
|  TOP_V |       772      |        0       |
+--------+----------------+----------------+
<CMD> saveDesign C2S0306_power.enc
#% Begin save design ... (date=07/27 12:26:23, mem=1246.5M)
% Begin Save ccopt configuration ... (date=07/27 12:26:23, mem=1249.5M)
% End Save ccopt configuration ... (date=07/27 12:26:23, total cpu=0:00:00.0, real=0:00:00.0, peak res=1250.4M, current mem=1250.4M)
% Begin Save netlist data ... (date=07/27 12:26:23, mem=1250.4M)
Writing Binary DB to C2S0306_power.enc.dat/C2S0306.v.bin in single-threaded mode...
% End Save netlist data ... (date=07/27 12:26:23, total cpu=0:00:00.1, real=0:00:00.0, peak res=1250.5M, current mem=1250.5M)
Saving symbol-table file ...
Saving congestion map file C2S0306_power.enc.dat/C2S0306.route.congmap.gz ...
% Begin Save AAE data ... (date=07/27 12:26:23, mem=1251.7M)
Saving AAE Data ...
% End Save AAE data ... (date=07/27 12:26:23, total cpu=0:00:00.0, real=0:00:00.0, peak res=1251.7M, current mem=1251.7M)
Saving preference file C2S0306_power.enc.dat/gui.pref.tcl ...
Saving mode setting ...
Saving global file ...
% Begin Save floorplan data ... (date=07/27 12:26:24, mem=1255.1M)
Saving floorplan file ...
% End Save floorplan data ... (date=07/27 12:26:24, total cpu=0:00:00.1, real=0:00:00.0, peak res=1255.6M, current mem=1255.6M)
Saving PG file C2S0306_power.enc.dat/C2S0306.pg.gz, version#2, (Created by Innovus v20.14-s095_1 on Mon Jul 27 12:26:24 2026)
*** Completed savePGFile (cpu=0:00:00.1 real=0:00:00.0 mem=1889.9M) ***
Saving Drc markers ...
... No Drc file written since there is no markers found.
% Begin Save placement data ... (date=07/27 12:26:24, mem=1257.0M)
** Saving stdCellPlacement_binary (version# 2) ...
Save Adaptive View Pruning View Names to Binary file
% End Save placement data ... (date=07/27 12:26:24, total cpu=0:00:00.0, real=0:00:00.0, peak res=1257.2M, current mem=1257.2M)
% Begin Save routing data ... (date=07/27 12:26:24, mem=1257.2M)
Saving route file ...
*** Completed saveRoute (cpu=0:00:00.1 real=0:00:00.0 mem=1887.9M) ***
% End Save routing data ... (date=07/27 12:26:24, total cpu=0:00:00.1, real=0:00:00.0, peak res=1257.2M, current mem=1256.6M)
Saving property file C2S0306_power.enc.dat/C2S0306.prop
*** Completed saveProperty (cpu=0:00:00.0 real=0:00:00.0 mem=1890.9M) ***
% Begin Save power constraints data ... (date=07/27 12:26:24, mem=1257.1M)
% End Save power constraints data ... (date=07/27 12:26:25, total cpu=0:00:00.0, real=0:00:00.0, peak res=1257.2M, current mem=1257.2M)
rc_best rc_worst
Generated self-contained design C2S0306_power.enc.dat
#% End save design ... (date=07/27 12:26:25, total cpu=0:00:01.3, real=0:00:02.0, peak res=1260.0M, current mem=1260.0M)
*** Message Summary: 0 warning(s), 0 error(s)


--------------------------------------------------------------------------------
Exiting Innovus on Mon Jul 27 12:26:32 2026
  Total CPU time:     0:00:33
  Total real time:    0:04:29
  Peak memory (main): 1300.95MB


*** Memory Usage v#1 (Current mem = 1934.547M, initial mem = 284.301M) ***
*** Message Summary: 1585 warning(s), 0 error(s)

--- Ending "Innovus" (totcpu=0:00:31.6, real=0:04:27, mem=1934.5M) ---
