###############################################################
#  Generated by:      Cadence Innovus 20.14-s095_1
#  OS:                Linux x86_64(Host ID c2sgpr065.Cambridge.edu.in)
#  Generated on:      Mon Jul 27 14:27:27 2026
#  Design:            C2S0306
#  Command:           report_ccopt_skew_groups -summary -file /home/scl_shuttle_8_3/tapeout/pnr/cts/C2S0306_skew_group.rpt
###############################################################

Skew Group Structure:
=====================

-------------------------------------------------------------------
Skew Group      Sources    Constrained Sinks    Unconstrained Sinks
-------------------------------------------------------------------
MAIN_CLK/all       1             19892                   0
-------------------------------------------------------------------

Skew Group Summary:
===================

--------------------------------------------------------------------------------------------------------------------------------------------------------------------
Timing Corner            Skew Group      ID Target    Min ID    Max ID    Avg ID    Std.Dev. ID    Skew Target Type    Skew Target    Skew     Skew window occupancy
--------------------------------------------------------------------------------------------------------------------------------------------------------------------
max_delay:setup.early    MAIN_CLK/all        -        1.506     1.737     1.641        0.056       ignored                  -         0.231              -
max_delay:setup.late     MAIN_CLK/all    none         3.522     3.796     3.715        0.045       auto computed        0.359         0.274    100% {3.522, 3.796}
min_delay:hold.early     MAIN_CLK/all        -        1.506     1.737     1.641        0.056       ignored                  -         0.231              -
min_delay:hold.late      MAIN_CLK/all        -        3.522     3.796     3.715        0.045       explicit             1.000         0.274    100% {3.522, 3.796}
--------------------------------------------------------------------------------------------------------------------------------------------------------------------

* - indicates that target was not met.

Skew Group Min/Max path pins:
=============================

--------------------------------------------------------------------------------
Timing Corner            Skew Group      Min ID    PathID    Max ID    PathID
--------------------------------------------------------------------------------
max_delay:setup.early    MAIN_CLK/all    1.506       -       1.737       -
-    min u_crypto_synth_top/u_top/u_rsa/core_inst/result_mem/mem_reg[58][6]/CP
-    max u_crypto_synth_top/u_top/u_aes/core/keymem/key_mem_reg[9][102]/CP
max_delay:setup.late     MAIN_CLK/all    3.522       -       3.796       -
-    min u_crypto_synth_top/u_top/u_aes/block_reg_reg[1][10]/CP
-    max u_crypto_synth_top/u_top/u_rsa/core_inst/modulus_mem/mem_reg[31][22]/CP
min_delay:hold.early     MAIN_CLK/all    1.506       -       1.737       -
-    min u_crypto_synth_top/u_top/u_rsa/core_inst/result_mem/mem_reg[58][6]/CP
-    max u_crypto_synth_top/u_top/u_aes/core/keymem/key_mem_reg[9][102]/CP
min_delay:hold.late      MAIN_CLK/all    3.522       -       3.796       -
-    min u_crypto_synth_top/u_top/u_aes/block_reg_reg[1][10]/CP
-    max u_crypto_synth_top/u_top/u_rsa/core_inst/modulus_mem/mem_reg[31][22]/CP
--------------------------------------------------------------------------------

