###############################################################
#  Generated by:      Cadence Innovus 20.14-s095_1
#  OS:                Linux x86_64(Host ID c2sgpr065.Cambridge.edu.in)
#  Generated on:      Mon Jul 27 14:27:25 2026
#  Design:            C2S0306
#  Command:           report_ccopt_clock_trees -summary -file /home/scl_shuttle_8_3/tapeout/pnr/cts/C2S0306_clock_trees.rpt
###############################################################

Clock DAG stats:
================

---------------------------------------------------------------
Cell type                     Count    Area         Capacitance
---------------------------------------------------------------
Buffers                        205      3876.096       1.002
Inverters                        0         0.000       0.000
Integrated Clock Gates           0         0.000       0.000
Non-Integrated Clock Gates       0         0.000       0.000
Clock Logic                      2     32500.000       3.718
All                            207     36376.096       4.720
---------------------------------------------------------------


Clock DAG wire lengths:
=======================

--------------------
Type     Wire Length
--------------------
Top           0.000
Trunk     23817.880
Leaf     228598.455
Total    252416.335
--------------------


Clock DAG hp wire lengths:
==========================

-----------------------
Type     hp Wire Length
-----------------------
Top            0.000
Trunk      11265.800
Leaf       56498.755
Total      67764.555
-----------------------


Clock DAG capacitances:
=======================

-----------------------------------
Type     Gate      Wire      Total
-----------------------------------
Top       0.000     0.000     0.000
Trunk     4.720     3.716     8.435
Leaf     43.484    40.523    84.007
Total    48.204    44.239    92.442
-----------------------------------


Clock DAG sink capacitances:
============================

---------------------------------------------------------
Count    Total     Average    Std. Dev.    Min      Max
---------------------------------------------------------
19892    43.484     0.002       0.000      0.002    0.004
---------------------------------------------------------


Clock DAG net violations:
=========================

None


Clock DAG primary half-corner transition distribution:
======================================================

-----------------------------------------------------------------------------------------------------------------------------------------------------------------
Net Type    Target    Count    Average    Std. Dev.    Min      Max      Distribution                                                                 Over Target
-----------------------------------------------------------------------------------------------------------------------------------------------------------------
Trunk       2.000        8      1.326       0.733      0.005    1.990    {3 <= 1.200ns, 0 <= 1.600ns, 3 <= 1.800ns, 1 <= 1.900ns, 1 <= 2.000ns}            -
Leaf        2.000      200      1.623       0.080      0.966    1.833    {1 <= 1.200ns, 69 <= 1.600ns, 129 <= 1.800ns, 1 <= 1.900ns, 0 <= 2.000ns}         -
-----------------------------------------------------------------------------------------------------------------------------------------------------------------


Clock DAG library cell distribution:
====================================

---------------------------------------
Name      Type      Inst     Inst Area 
                    Count    (um^2)
---------------------------------------
bufbd4    buffer       6       131.712
bufbd2    buffer     199      3744.384
pc3c01    logic        1     16250.000
pc3d01    logic        1     16250.000
---------------------------------------



Please note that the following tables reflect only the defined clock trees, so the flop counts might not include all flops in your design.

Clock Tree Summary:
===================

------------------------------------------------------------------------------------------------------------------------
Clock Tree  Clock  Bufs  Invs  Other  Max       Max     Max      Max          Standard   Wire    Gate    Clock Tree Root
Name        Gates              Clock  Non-leaf  Leaf    Length   Source-sink  cell area  cap     cap     
                               Cells  Fanout    Fanout  (um)     Resistance   (um^2)     (pF)    (pF)    
                                                                 (Ohms)                                  
------------------------------------------------------------------------------------------------------------------------
MAIN_CLK      0    205    0      2       41      100    2827.05    8435.2     36376.096  44.239  48.204  main_clk_pad
------------------------------------------------------------------------------------------------------------------------

1 clock trees contain a total of 1 nets marked dont_touch, which will not have been buffered, and may have Design Rule Violations as a consequence.
1 clock trees contain a total of 1 nets marked ideal_network, which will not have been buffered, and may have Design Rule Violations as a consequence.

Clock Sink Summary:
===================

-------------------------------------------------------------------------------------------------------------------------------------------
Clock Tree  Explicit      Implicit      Explicit     Implicit     Explicit   Implicit   Posedge  Negedge  Memory  Enable  Non enable  Other
Name        exclude pins  exclude pins  ignore pins  ignore pins  stop pins  stop pins  Flops    Flops    Clock   Latch   Latch       Sinks
                                                                                                          Pins    Sinks   Sinks       
-------------------------------------------------------------------------------------------------------------------------------------------
MAIN_CLK         0             0             0            0           0          0       19892      0       0       0         0         0
-------------------------------------------------------------------------------------------------------------------------------------------

Summary across all clock trees:
===============================

---------------------------------------------------------------------------------------------------------------
Clock  Bufs  Invs  Other  Max       Average   Max     Average  Max       Max          Standard   Wire    Gate
Gates              Clock  Non-leaf  Non-leaf  Leaf    Leaf     Length    Source-sink  cell area  cap     cap
                   Cells  Fanout    Fanout    Fanout  Fanout   (um)      Resistance   (um^2)     (pF)    (pF)
                                                                         (Ohms)                          
---------------------------------------------------------------------------------------------------------------
  0    205    0      2       41      25.875    100     99.46   2827.045    843.520    36376.096  44.239  48.204
---------------------------------------------------------------------------------------------------------------

Clock Sink Summary across all clock trees:
==========================================

-------------------------------------------------------------------------------------------------------------------------------
Explicit      Implicit      Explicit     Implicit     Explicit   Implicit   Posedge  Negedge  Memory  Enable  Non enable  Other
exclude pins  exclude pins  ignore pins  ignore pins  stop pins  stop pins  Flops    Flops    Clock   Latch   Latch       Sinks
                                                                                              Pins    Sinks   Sinks       
-------------------------------------------------------------------------------------------------------------------------------
     0             0             0            0           0          0       19892      0       0       0         0         0
-------------------------------------------------------------------------------------------------------------------------------

Physical metrics across all clock trees:
========================================

------------------------------------------------------------------------
Metric                               Minimum  Average  Maximum   Std.dev
------------------------------------------------------------------------
Source-sink routed net length (um)    0.000   271.937  2827.045  253.770
Source-sink manhattan distance (um)   0.000   264.419  2839.925  251.349
Source-sink resistance (Ohm)          0.002   111.214   843.520   75.236
------------------------------------------------------------------------

Transition distribution for all half-corners:
=============================================

-----------------------------------------------------------------------------------------------------------------------------------------------------------------
Net Type    Target    Count    Average    Std. Dev.    Min      Max      Distribution                                                                 Over Target
-----------------------------------------------------------------------------------------------------------------------------------------------------------------
Trunk       2.000        8      1.326       0.733      0.005    1.990    {3 <= 1.200ns, 0 <= 1.600ns, 3 <= 1.800ns, 1 <= 1.900ns, 1 <= 2.000ns}            -
Leaf        2.000      200      1.623       0.080      0.966    1.833    {1 <= 1.200ns, 69 <= 1.600ns, 129 <= 1.800ns, 1 <= 1.900ns, 0 <= 2.000ns}         -
-----------------------------------------------------------------------------------------------------------------------------------------------------------------

Count of violations across all clock trees:
===========================================

---------------------------------------------------------------------------------------
Clock Tree  # Max capacitance  # Max resistance  # Max length  # Max fanout  # Slew
Name        violations         violations        violations    violations    violations
---------------------------------------------------------------------------------------
MAIN_CLK            1                 0               0             0            0
---------------------------------------------------------------------------------------
Total               1                 0               0             0            0
---------------------------------------------------------------------------------------

Note the above table per clock tree is based on CCOpt clock tree view. The violations are counted across half corners.

Found a total of 1 clock tree pin with max capacitance violations.
Found a total of 1 max capacitance violation.
Total violation amount 2.738pF.

Max capacitance violation summary across all clock trees - Top 1 violation:
===========================================================================

Target and measured capacitances (in pF):

--------------------------------------------------------------------------------------------------
Half corner           Violation  Capacitance  Capacitance  Target                     Pin
                      amount     target       achieved     source                     
--------------------------------------------------------------------------------------------------
max_delay:setup.late    2.738       0.800        3.538     library_or_sdc_constraint  main_clk_pad
--------------------------------------------------------------------------------------------------

Target sources:
target_max_capacitance_property - the target was set in the target_max_capacitance property
library_or_sdc_constraint - the non-frequency-dependent target was set in a library file or by an SDC constraint
frequency_dependent_library_or_sdc_constraint - the frequency-dependent target was set in a library file or by an SDC constraint
computed_from_slew_target - the target was calculated based on the slew target at a clock root
clock_root_forced - the target was forced to be zero at a clock root


Found a total of 0 clock tree nets with max resistance violations.
Found a total of 0 clock tree nets with max length violations.
Found a total of 0 clock tree nets with max fanout violations.
Found a total of 0 clock tree pins with a slew violation.

Clock Timing Summary:
=====================

Target and measured clock slews (in ns):

--------------------------------------------------------------------------------------------------------------------------------------------
Clock tree  Timing Corner          Worst Rising  Worst Falling  Worst Rising  Worst Falling  Leaf Slew    Leaf Slew  Trunk Slew   Trunk Slew
                                   Leaf Slew     Leaf Slew      Trunk Slew    Trunk Slew     Target Type  Target     Target Type  Target
--------------------------------------------------------------------------------------------------------------------------------------------
MAIN_CLK    max_delay:setup.early     0.845          0.883         1.037          0.925      ignored          -      ignored          -
MAIN_CLK    max_delay:setup.late      1.818          1.832         1.990          1.765      explicit      2.000     explicit      2.000
MAIN_CLK    min_delay:hold.early      0.845          0.883         1.037          0.925      ignored          -      ignored          -
MAIN_CLK    min_delay:hold.late       1.818          1.832         1.990          1.765      explicit      2.000     explicit      2.000
--------------------------------------------------------------------------------------------------------------------------------------------

* - indicates that target was not met.

auto extracted - target was extracted from SDC.
auto computed - target was computed when balancing trees.

Total Transition Slacks Summary:
================================

-------------------------------------------------------------------------------------------------
Total       Total Leaf    Total        Total Leaf    Mean        Median      Std.Dev     Worst
Overslew    Overslew      Underslew    Underslew     Overslew    Overslew    Overslew    Overslew
-------------------------------------------------------------------------------------------------
 0.000        0.000        -80.789      -75.399       0.000       0.000       0.000       0.000
-------------------------------------------------------------------------------------------------

Transition times measured in the half-corner max_delay:setup.late

Top Underslews:

--------------------------------------------------------------------------------
Driving node                                                      Underslew (ns)
--------------------------------------------------------------------------------
MAIN_CLK                                                              -1.995
pc3c01_1                                                              -1.523
u_crypto_synth_top/u_top/u_aes/CTS_ccl_a_buf_00372                    -1.034
pc3d01_1                                                              -0.924
u_crypto_synth_top/u_top/u_rsa/core_inst/CTS_ccl_a_buf_00540          -0.530
u_crypto_synth_top/u_top/u_aes/core/keymem/CTS_ccl_a_buf_00390        -0.512
u_crypto_synth_top/u_top/u_rsa/core_inst/CTS_ccl_a_buf_00226          -0.502
u_crypto_synth_top/u_top/u_aes/core/keymem/CTS_ccl_a_buf_00430        -0.499
u_crypto_synth_top/u_top/CTS_ccl_a_buf_00446                          -0.492
u_crypto_synth_top/u_top/CTS_ccl_a_buf_00402                          -0.491
--------------------------------------------------------------------------------

