                          CONFORMAL (R)
                   Version 20.20-s200 (01-Feb-2021) (64 bit executable)
   Copyright (c) Cadence Design Systems, Inc., 1997-2020. All Rights Reserved


This program is proprietary and confidential information belonging to
Cadence Design Systems, Inc., and may be used and disclosed only as authorized
in a license agreement controlling such use and disclosure.

// Warning: This version is 2001 days old. You can download the latest version from http://downloads.cadence.com.

// Check out Conformal_Ultra 20.2 license
// Check out Conformal_Asic 20.2 license
// Command: tclmode
CPU time     : 0.11    seconds
Elapse time  : 2       seconds
Memory usage : 36.87   M bytes
// Command: set_screen_display -noprogress
0
// Command: set_dofile_abort exit
0
// Command: set lec_version [regsub {(-)[A-Za-z]} $env(LEC_VERSION) ""]
20.20200
// Command: set wlec_analyze_dp_flowgraph true
true
// Command: set share_dp_analysis         true
true
// Command: set lec_version_required "19.10100"
19.10100
// Command: if {$lec_version >= $lec_version_required &&
//              $wlec_analyze_dp_flowgraph} {
//              set DATAPATH_SOLVER_OPTION "-flowgraph"
//          } elseif {$share_dp_analysis} {
//              set DATAPATH_SOLVER_OPTION "-share"
//          } else {
//              set DATAPATH_SOLVER_OPTION ""
//          }
-flowgraph
// Command: tcl_set_command_name_echo on
// Command: set_log_file intermediate2final.lec.log -replace
0
// Command: usage -auto -elapse
CPU time     : 0.11    seconds
Elapse time  : 2       seconds
Memory usage : 36.98   M bytes
0
// Command: set_verification_information fv_map_C2S0306_incrementalv_db
// Note: Verification information fv_map_C2S0306_incrementalv_db does not exist. New directory created.
// Verification information is set to /home/scl_shuttle_8_3/tapeout/post_lec/fv_map_C2S0306_incrementalv_db.
// Advanced reporting is enabled and the output is written to /home/scl_shuttle_8_3/tapeout/post_lec/fv_map_C2S0306_incrementalv_db
0
// Command: read_implementation_information fv/C2S0306 -golden fv_map -revised C2S0306_incrementalv
// Reading implementation information from fv/C2S0306 ...
================================================================================
          Information Category                         Count
--------------------------------------------------------------------------------
     Sequential instance phase                         39784
       Sequential optimization                             0
        Sequential duplication                             0
         Boundary optimization                             5
            Synthesis equation                            17
    Combinational loop breaker                             0
                       Mapping                             0
================================================================================
// Note: Read implementation information successfully.
0
CPU time     : 0.47    seconds
Elapse time  : 3       seconds
Memory usage : 87.41   M bytes
// Command: set_parallel_option -threads 1,4 -norelease_license
// Number of threads is set to 1,4.
0
// Command: set_compare_options -threads 1,4
Set computing threads of compare to 1,4.
0
// Command: set env(RC_VERSION)     "20.11-s111_1"
20.11-s111_1
// Command: set env(CDN_SYNTH_ROOT) "/home/install/cadence/GENUS201/tools.lnx86"
/home/install/cadence/GENUS201/tools.lnx86
// Command: set CDN_SYNTH_ROOT      "/home/install/cadence/GENUS201/tools.lnx86"
/home/install/cadence/GENUS201/tools.lnx86
// Command: set env(CW_DIR) "/home/install/cadence/GENUS201/tools.lnx86/lib/chipware"
/home/install/cadence/GENUS201/tools.lnx86/lib/chipware
// Command: set CW_DIR      "/home/install/cadence/GENUS201/tools.lnx86/lib/chipware"
/home/install/cadence/GENUS201/tools.lnx86/lib/chipware
// Command: set_undefined_cell black_box -noascend -both
0
// Command: add_search_path /opt/sclpdkv3/scl180/stdcell/fs120/6M1L/liberty/lib_flow_ff /opt/sclpdkv3/scl180/stdcell/fs120/6M1L/liberty/lib_flow_ss -library -both
0
// Command: read_library -liberty -both /opt/sclpdkv3/scl180/stdcell/fs120/6M1L/liberty/lib_flow_ss/tsl18fs120_scl_ss.lib /opt/sclpdkv3/scl180/iopad/cio150/6M1L/liberty/tsl18cio150_max.lib
// Parsing file /opt/sclpdkv3/scl180/stdcell/fs120/6M1L/liberty/lib_flow_ss/tsl18fs120_scl_ss.lib ...
// Parsing file /opt/sclpdkv3/scl180/iopad/cio150/6M1L/liberty/tsl18cio150_max.lib ...
// Warning: (RTL9.17) Cell doesn't have any output pins or all output pins are undriven (blackboxed) (occurrence:2)
// Warning: (RTL9.25) Liberty cell function has been overwritten due to multiple declarations (occurrence:3)
// Note: (RTL9.26) Liberty pin with internal_node use default input_map (occurrence:10)
// Warning: (RTL14) Signal has input but it has no output (occurrence:4)
// Note: (UDP1.1) Swapped set and reset of DFF/DLAT (occurrence:3)
// Note: (UDP3) Merged redundant user-defined DFF/DLAT primitive(s) (occurrence:3)
// Note: Read Liberty library successfully
0
CPU time     : 0.76    seconds
Elapse time  : 3       seconds
Memory usage : 109.07  M bytes
// Command: read_design -verilog95   -golden -lastmod -noelab fv/C2S0306/fv_map.v.gz
// Parsing file fv/C2S0306/fv_map.v.gz ...
0
CPU time     : 2.19    seconds
Elapse time  : 5       seconds
Memory usage : 201.25  M bytes
// Command: elaborate_design -golden -root {C2S0306}
// Golden root module is set to 'C2S0306'
// Warning: (RTL14) Signal has input but it has no output (occurrence:271)
// Warning: (RTL14.1) Fanout load of the signal is removed (occurrence:6)
// Warning: (HRC3.10a) An input port is declared, but it is not completely used in the module (occurrence:442)
0
CPU time     : 2.97    seconds
Elapse time  : 5       seconds
Memory usage : 173.34  M bytes
// Command: read_design -verilog95   -revised -lastmod -noelab ./C2S0306_incremental.v
// Parsing file ./C2S0306_incremental.v ...
0
CPU time     : 4.59    seconds
Elapse time  : 7       seconds
Memory usage : 253.83  M bytes
// Command: elaborate_design -revised -root {C2S0306}
// Revised root module is set to 'C2S0306'
// Warning: (RTL2.5) Net is referenced without an assignment. Design verification will be based on set_undriven_signal setting (occurrence:440)
// Warning: (RTL2.13) Undriven pin is detected (occurrence:273)
// Warning: (RTL14) Signal has input but it has no output (occurrence:269)
// Warning: (RTL14.1) Fanout load of the signal is removed (occurrence:6)
// Warning: (HRC3.10a) An input port is declared, but it is not completely used in the module (occurrence:440)
// Warning: There are 273 undriven nets in Revised
// Warning: There are 273 undriven pins in Revised
0
CPU time     : 5.71    seconds
Elapse time  : 8       seconds
Memory usage : 236.87  M bytes
// Command: report_design_data
============================================
Summary           Golden         Revised
============================================
Design-modules        51              34
Library-cells      78299           77865
============================================
Primitives      Golden              Revised
============================================
INPUT               15                   15
OUTPUT               4                    4
--------------------------------------------
AND        *     88635                88614
BUF        *        95                   25
DFF              19892                19892
INV        *     33689                33318
NAND       *     10384                10383
NOR        *     22707                22696
OR         *     37890                37884
XNOR       *         3                    4
XOR        *       779                  783
--------------------------------------------
Total           214074               213599

0
// Command: report_black_box
0
// Command: set_flatten_model -seq_constant
0
// Command: set_flatten_model -seq_constant_x_to 0
0
// Command: set_flatten_model -nodff_to_dlat_zero
0
// Command: set_flatten_model -nodff_to_dlat_feedback
0
// Command: set_flatten_model -hier_seq_merge
0
// Command: set lec_version_required "20.10100"
20.10100
// Command: if {$lec_version >= $lec_version_required} {
//              check_verification_information
//          }
// Command: check_verification_information
Checking Sequential constant...
Checking Sequential merge...
Checking Synthesis equation...
================================================================================
Implementation Information Check Summary: 
--------------------------------------------------------------------------------
Total Sequential Constants:     0
  Name Collision:               0
  Name Ambiguous:               0
  Name not Found:               0
--------------------------------------------------------------------------------
Total Sequential Merges:        0
  Name Collision:               0
  Name Ambiguous:               0
  Name not Found:               0
  Merge Target:
    Name Ambiguous:             0
    Name not Found:             0
--------------------------------------------------------------------------------
Total Synthesis Equations:      17
  Module not Found:             0
  Equation Conflict:            0
  Empty Equation:               0
================================================================================
0
CPU time     : 6.23    seconds
Elapse time  : 9       seconds
Memory usage : 243.49  M bytes
// Command: set_analyze_option -auto -report_map
0
// Command: set_system_mode lec
// Processing Golden ...
// Modeling Golden ...
// Processing Revised ...
// Modeling Revised ...
// Balanced modeling (auto) mapped 39784 out of 39784 DFF/DLATs
// (F28) Converted 273 internal output port(s) to inout port(s)
CPU time     : 25.29   seconds
Elapse time  : 28      seconds
Memory usage : 396.86  M bytes
// Mapping key points ...
================================================================================
Mapped points: SYSTEM class
--------------------------------------------------------------------------------
Mapped points     PI     PO     DFF       Total   
--------------------------------------------------------------------------------
Golden            15     4      19892     19911   
--------------------------------------------------------------------------------
Revised           15     4      19892     19911   
================================================================================
CPU time     : 33.71   seconds
Elapse time  : 36      seconds
Memory usage : 430.41  M bytes
// Running automatic setup...
================================================================================
Mapped points: SYSTEM class
--------------------------------------------------------------------------------
Mapped points     PI     PO     DFF       Total   
--------------------------------------------------------------------------------
Golden            15     4      19892     19911   
--------------------------------------------------------------------------------
Revised           15     4      19892     19911   
================================================================================
// Automatic setup finished.
0
CPU time     : 54.89   seconds
Elapse time  : 58      seconds
Memory usage : 430.92  M bytes
// Command: report_unmapped_points -summary
There is no unmapped point
0
// Command: report_unmapped_points -notmapped
There is no unmapped point
0
// Command: add_compared_points -all
// 19896 compared points added to compare list
0
// Command: compare
================================================================================
Compared points      PO     DFF       Total   
--------------------------------------------------------------------------------
Equivalent           4      19892     19896   
================================================================================
0
CPU time     : 61.31   seconds
Elapse time  : 74      seconds
Memory usage : 504.13  M bytes
// Command: report_compare_data -class nonequivalent -class abort -class notcompared
0 Non-equivalent point(s) reported
0 Abort point(s) reported
0 Not-compared point(s) reported
0 compared point(s) reported
================================================================================
Compared points      PO     DFF       Total   
--------------------------------------------------------------------------------
Equivalent           4      19892     19896   
================================================================================
0
// Command: report_verification -verbose
================================================================================
                            Verification Report
--------------------------------------------------------------------------------
Category                                                                  Count
--------------------------------------------------------------------------------
1. Non-standard modeling options used:                                      0
     Tri-stated output:                                        checked
     Revised X signals set to E:                               yes
     Floating signals tied to Z:                               yes
     Command "add clock" for clock-gating:                     not used
--------------------------------------------------------------------------------
2. Incomplete verification:                                                 0
     All primary outputs are mapped:                           yes
     Not-mapped DFF/DLAT is detected:                          no
     All mapped points are added as compare points:            yes
     All compared points are compared:                         yes
     User added black box:                                     no
     Black box mapped with different module name:              no
     Empty module is not black boxed:                          no
     Command "add ignore outputs" used:                        no
     Always false constraints detected:                        no
--------------------------------------------------------------------------------
3. User modification to design:                                             0
     Change gate type:                                         no
     Change wire:                                              no
     Primary input added by user:                              no
--------------------------------------------------------------------------------
4. Conformal Constraint Designer clock domain crossing checks recommended:  0
     Multiple clocks in the design:                            no
--------------------------------------------------------------------------------
5. Design ambiguity:                                                        0
     Duplicate module definition:                              no
     Black box due to undefined cells:                         no
     Golden design has abnormal ratio of unreachable gates:    no
     Ratio of golden unreachable gates:                        0%
     Revised design has abnormal ratio of unreachable gates:   no
     Ratio of revised unreachable gates:                       0%
     All primary input bus ordering is consistent:             yes
     All primary output bus ordering is consistent:            yes
     DFF/DLAT not compared due to disabled clock port(s):        0
--------------------------------------------------------------------------------
6. Compare Results:                                                        PASS
     Number of EQ compare points:                              19896
     Number of NON-EQ compare points:                          0
     Number of Aborted compare points:                         0
     Number of Uncompared compare points :                     0
================================================================================
pass
CPU time     : 61.49   seconds
Elapse time  : 74      seconds
Memory usage : 504.34  M bytes
// Command: report_statistics
Mapping and compare statistics
================================================================================
                     Compare Result       Golden            Revised
--------------------------------------------------------------------------------
Root module name                          C2S0306           C2S0306           

Primary inputs                                15                 15
   Mapped                                     15                 15

Primary outputs                                4                  4
   Mapped                                      4                  4
      Equivalent                  4

State key points                           19892              19892
   Mapped                                  19892              19892
      Equivalent              19892
================================================================================
0
// Command: write_verification_information
// Verification information is written to fv_map_C2S0306_incrementalv_db.
0
CPU time     : 61.96   seconds
Elapse time  : 75      seconds
Memory usage : 504.38  M bytes
// Command: report_verification_information
// Generating reports on verification information at /home/scl_shuttle_8_3/tapeout/post_lec/fv_map_C2S0306_incrementalv_db...
LEC run scores:
================================================================================
Step                Score     Range          
--------------------------------------------------------------------------------
result_status       10        10             
runtime             10        10             
mapping             10        10             
sequential_constant 5         10             
sequential_merge    5         10             
sequential_phase    10        10             
datapath_analysis   5         10             
combinational_loop  5         10             
mismatch_detection  5         10             
overall             65        90             
================================================================================
LEC results versus attributes:
================================================================================
Attribute           Total     Inconsistency  Combined Table                
--------------------------------------------------------------------------------
sequential_constant 0         0                                            
sequential_merge    0         0                                            
sequential_phase    19892     0              sequential_phase.json         
================================================================================
The tables can be viewed directly using web interface.
// Done with reporting verification information.
0
CPU time     : 62.38   seconds
Elapse time  : 82      seconds
Memory usage : 504.43  M bytes
// Command: set lec_version_required "18.20330"
18.20330
// Command: if {$lec_version >= $lec_version_required} {
//              report_implementation_information
//          }
// Command: report_implementation_information
// Reporting implementation information...
// Information summary:
================================================================================
        Information Category     Total      Used    Unused  Rejected     Abort
--------------------------------------------------------------------------------
   Sequential instance phase     39784     39784         0         0         0
               Phase mapping         0         0         0         0         0
         Sequential constant         0         0         0         0         0
            Sequential merge         0         0         0         0         0
      Sequential unreachable         0         0         0         0         0
      Sequential duplication         0         0         0         0         0
       Boundary optimization         5         0         5         0         0
          Synthesis equation        17        10         7         0         0
  Combinational loop breaker         0         0         0         0         0
 HDL indexed expression info         5         0         5         0         0
================================================================================
0
CPU time     : 62.49   seconds
Elapse time  : 82      seconds
Memory usage : 506.54  M bytes
// Command: puts "No of compare points = [get_compare_points -count]"
// Command: get_compare_points -count
No of compare points = 19896
// Command: puts "No of diff points    = [get_compare_points -NONequivalent -count]"
// Command: get_compare_points -NONequivalent -count
No of diff points    = 0
// Command: puts "No of abort points   = [get_compare_points -abort -count]"
// Command: get_compare_points -abort -count
No of abort points   = 0
// Command: puts "No of unknown points = [get_compare_points -unknown -count]"
// Command: get_compare_points -unknown -count
No of unknown points = 0
// Command: if {[get_compare_points -count] == 0} {
//              puts "---------------------------------"
//              puts "ERROR: No compare points detected"
//              puts "---------------------------------"
//          }
// Command: get_compare_points -count
// Command: if {[get_compare_points -NONequivalent -count] > 0} {
//              puts "------------------------------------"
//              puts "ERROR: Different Key Points detected"
//              puts "------------------------------------"
//          }
// Command: get_compare_points -NONequivalent -count
// Command: if {[get_compare_points -abort -count] > 0} {
//              puts "-----------------------------"
//              puts "ERROR: Abort Points detected "
//              puts "-----------------------------"
//          }
// Command: get_compare_points -abort -count
// Command: if {[get_compare_points -unknown -count] > 0} {
//              puts "----------------------------------"
//              puts "ERROR: Unknown Key Points detected"
//              puts "----------------------------------"
//          }
// Command: get_compare_points -unknown -count
// Command: set lec_version_required "19.10100"
19.10100
// Command: if {$lec_version >= $lec_version_required} {
//          analyze_results -logfiles intermediate2final.lec.log
//          }
// Command: analyze_results -logfiles intermediate2final.lec.log
// Analyzing logfile 'intermediate2final.lec.log'
// Warning: Analyze results collects information from the log file but does not
//          qualify the execution or completeness of the run.
// Logfile Results
================================================================================
|                  Conformal Version |20.20-s200 
|                        Root Module |C2S0306 
|                           CPU Time |62.0 sec
|                       Elapsed Time |82.0 sec
|                             Memory |506.54 MB
|              Power Grid Comparison |N/A 
|               Power Intent Compare |N/A 
|           Supply Power Consistency |N/A 
|        Retention Power Consistency |N/A 
|             Compare Power Crossing |N/A 
|                     LEC Comparison |PASS 
|                 Flatten Comparison |PASS 
|            Hierarchical Comparison |N/A 
|    Hierarchical Comparison Modules |N/A 
|                      Logfile Lines |425 
|                       Logfile Name |intermediate2final.lec.log 
|              Logfile Modified Time |Tue Jul 28 11:12:12 2026 
|         Implementation Information |fv/C2S0306 
|       Set Verification Information |/home/scl_shuttle_8_3/tapeout/post_lec/fv_map_C2S0306_incrementalv_db 
|      Read Verification Information |N/A 
|                   Analysis Elapsed |0.0 sec
|                    Dynamic Flatten |N/A 
|                    Runtime / #Gate |0.00 sec. 
|    Low-power Rule Check Occurrence |N/A
|Matched back-to-back isolation cell |N/A 
|            Time-consuming commands | 1. set_system_mode lec: 49.0s(59.76%) (execute 1 time(s))
|                                    | 2. compare: 16.0s(19.51%) (execute 1 time(s))
|                                    | 3. report_verification_information: 7.0s(8.54%) (execute 1 time(s))
================================================================================
               
// Compare Strategy
Compare #1: compare (line: 229)
// Compare Settings:
================================================================================
|(default setting)   | 
|Compare Result      | PASS
================================================================================
               
// Resource usages of analysis: Cpu=0.10s Mem=498MB
0
// Command: vpxmode
