Command: report datapath > reports/generic/C2S0306_datapath.rpt
============================================================
  Generated by:           Genus(TM) Synthesis Solution 20.11-s111_1
  Generated on:           Jul 27 2026  11:59:25 am
  Module:                 C2S0306
  Technology libraries:   tsl18fs120_scl_ss 1
                          tsl18cio150_max 1.0
  Operating conditions:   tsl18cio150_max (worst_case_tree)
  Wireload mode:          enclosed
  Area mode:              timing library
============================================================


Inferred components

                      Operator   Signedness   Inputs   Outputs CellArea 
========================================================================
C2S0306
 u_crypto_synth_top
  u_top
   u_rsa
    core_inst
     inc_add_478_49
      
      module:increment_unsigned_6267_6400
       very_fast     increment   unsigned   32x1       32       2593.38 
========================================================================
C2S0306
 u_crypto_synth_top
  u_top
   u_rsa
    core_inst
     inc_add_483_56
      
      module:increment_unsigned_6267_6400_2900
       very_fast     increment   unsigned   32x1       32       2593.38 
========================================================================
C2S0306
 u_crypto_synth_top
  u_top
   u_rsa
    core_inst
     montprod_inst
      s_adder_sa
       addinc_add_57_43
        
        module:add_unsigned_carry_7797
         very_fast       +       unsigned   32x32x1    33       5503.02 
        equation:
        assign Z = A+B+CI;
------------------------------------------------------------------------
         add_57_43       +       unsigned   33x1       33               
         add_57_31       +       unsigned   32x32      33               
========================================================================
C2S0306
 u_crypto_synth_top
  u_top
   u_rsa
    core_inst
     montprod_inst
      s_adder_sm
       addinc_add_57_43
        
        module:add_unsigned_carry_7797_2778
         very_fast       +       unsigned   32x32x1    33       5503.02 
        equation:
        assign Z = A+B+CI;
------------------------------------------------------------------------
         add_57_43       +       unsigned   33x1       33               
         add_57_31       +       unsigned   32x32      33               
========================================================================
C2S0306
 u_crypto_synth_top
  u_top
   u_rsa
    core_inst
     residue_inst
      subcmp
       addinc_add_57_43
        
        module:add_unsigned_carry_7797_2778
         very_fast       +       unsigned   32x32x1    33       5503.02 
        equation:
        assign Z = A+B+CI;
------------------------------------------------------------------------
         add_57_43       +       unsigned   33x1       33               
         add_57_31       +       unsigned   32x32      33               
========================================================================
C2S0306
 u_crypto_synth_top
  u_top
   u_sha256
    core
     add_312_27
      
      module:add_unsigned_315_17
       very_fast         +       unsigned   32x32      32       5334.35 
========================================================================
C2S0306
 u_crypto_synth_top
  u_top
   u_sha256
    core
     add_313_27
      
      module:add_unsigned_315_17
       very_fast         +       unsigned   32x32      32       5334.35 
========================================================================
C2S0306
 u_crypto_synth_top
  u_top
   u_sha256
    core
     add_314_27
      
      module:add_unsigned_315_17
       very_fast         +       unsigned   32x32      32       5334.35 
========================================================================
C2S0306
 u_crypto_synth_top
  u_top
   u_sha256
    core
     add_315_27
      
      module:add_unsigned_315_17
       very_fast         +       unsigned   32x32      32       5334.35 
========================================================================
C2S0306
 u_crypto_synth_top
  u_top
   u_sha256
    core
     add_316_27
      
      module:add_unsigned_315_17
       very_fast         +       unsigned   32x32      32       5334.35 
========================================================================
C2S0306
 u_crypto_synth_top
  u_top
   u_sha256
    core
     add_317_27
      
      module:add_unsigned_315_17
       very_fast         +       unsigned   32x32      32       5334.35 
========================================================================
C2S0306
 u_crypto_synth_top
  u_top
   u_sha256
    core
     add_318_27
      
      module:add_unsigned_315_17
       very_fast         +       unsigned   32x32      32       5334.35 
========================================================================
C2S0306
 u_crypto_synth_top
  u_top
   u_sha256
    core
     add_319_27
      
      module:add_unsigned_315_17
       very_fast         +       unsigned   32x32      32       5334.35 
========================================================================
C2S0306
 u_crypto_synth_top
  u_top
   u_sha256
    core
     add_430_26
      
      module:add_unsigned_315_17_2919
       very_fast         +       unsigned   32x32      32       5334.35 
========================================================================
C2S0306
 u_crypto_synth_top
  u_top
   u_sha256
    core
     csa_tree_add_341_39_groupi
      
      module:csa_tree_add_341_39_group_5
       very_fast   csa_and_adder            32x32x32x3 32      25174.75 
                                            2x32                        
      equation:
      assign out_0 = ( ( ( ( in_3 + in_4 )  + in_2 )  + in_1 )  + in_0 ) ;
------------------------------------------------------------------------
       add_341_39        +       unsigned   32x32      32               
       add_341_30        +       unsigned   32x32      32               
       add_341_25        +       unsigned   32x32      32               
       add_341_18        +       unsigned   32x32      32               
========================================================================
C2S0306
 u_crypto_synth_top
  u_top
   u_sha256
    core
     csa_tree_add_426_23_groupi
      
      module:csa_tree_add_426_23_group_3504
       very_fast   csa_and_adder            32x32x32   32      12355.45 
      equation:
      assign out_0 = ( in_0 + ( in_1 + in_2 )  ) ;
------------------------------------------------------------------------
       add_426_23        +       unsigned   32x32      32               
       add_361_17        +       unsigned   32x32      32               
========================================================================
C2S0306
 u_crypto_synth_top
  u_top
   u_sha256
    core
     w_mem_inst
      csa_tree_add_193_29_groupi
       
       module:csa_tree_add_193_29_group_2
        very_fast  csa_and_adder            32x32x32x3 32      18807.27 
                                            2                           
       equation:
       assign out_0 = ( ( ( in_2 + in_3 )  + in_1 )  + in_0 ) ;
------------------------------------------------------------------------
        add_193_29       +       unsigned   32x32      32               
        add_193_24       +       unsigned   32x32      32               
        add_193_18       +       unsigned   32x32      32               
========================================================================

      Type        CellArea  Percentage 
---------------------------------------
datapath modules  126042.45       3.07 
external muxes         0.00       0.00 
others           3973411.51      96.93 
---------------------------------------
total            4099453.96     100.00 

