###############################################################
#  Generated by:      Cadence Innovus 20.14-s095_1
#  OS:                Linux x86_64(Host ID c2sgpr065.Cambridge.edu.in)
#  Generated on:      Tue Jul 28 15:27:36 2026
#  Design:            C2S0306
#  Command:           verifyConnectivity -type all -error 1000 -warning 50
###############################################################
Verify Connectivity Report is created on Tue Jul 28 15:27:36 2026



Net VDD_CORE, Pin Pin: pc3c01_1/VDD; Direction: INOUT; Use: POWER;: has an unconnected terminal at (430.000, 163.500) (495.000, 194.560)
Net VDD_CORE, Pin Pin: pc3d01_1/VDD; Direction: INOUT; Use: POWER;: has an unconnected terminal at (675.000, 163.500) (740.000, 194.560)
Net VDD_CORE, Pin Pin: pc3d01_2/VDD; Direction: INOUT; Use: POWER;: has an unconnected terminal at (920.000, 163.500) (985.000, 194.560)
Net VDD_CORE, Pin Pin: pc3d01_3/VDD; Direction: INOUT; Use: POWER;: has an unconnected terminal at (2145.000, 163.500) (2210.000, 194.560)
Net VDD_CORE, Pin Pin: pc3d01_4/VDD; Direction: INOUT; Use: POWER;: has an unconnected terminal at (2390.000, 163.500) (2455.000, 194.560)
Net VDD_CORE, Pin Pin: pc3d01_5/VDD; Direction: INOUT; Use: POWER;: has an unconnected terminal at (2745.440, 430.000) (2776.500, 495.000)
Net VDD_CORE, Pin Pin: pc3d01_6/VDD; Direction: INOUT; Use: POWER;: has an unconnected terminal at (2745.440, 675.000) (2776.500, 740.000)
Net VDD_CORE, Pin Pin: pc3d01_7/VDD; Direction: INOUT; Use: POWER;: has an unconnected terminal at (2745.440, 920.000) (2776.500, 985.000)
Net VDD_CORE, Pin Pin: pc3d01_8/VDD; Direction: INOUT; Use: POWER;: has an unconnected terminal at (2745.440, 2145.000) (2776.500, 2210.000)
Net VDD_CORE, Pin Pin: pc3d01_9/VDD; Direction: INOUT; Use: POWER;: has an unconnected terminal at (2745.440, 2390.000) (2776.500, 2455.000)
Net VDD_CORE, Pin Pin: pc3d01_10/VDD; Direction: INOUT; Use: POWER;: has an unconnected terminal at (430.000, 2745.440) (495.000, 2776.500)
Net VDD_CORE, Pin Pin: pc3d01_11/VDD; Direction: INOUT; Use: POWER;: has an unconnected terminal at (675.000, 2745.440) (740.000, 2776.500)
Net VDD_CORE, Pin Pin: pc3d01_12/VDD; Direction: INOUT; Use: POWER;: has an unconnected terminal at (920.000, 2745.440) (985.000, 2776.500)
Net VDD_CORE, Pin Pin: pc3d01_13/VDD; Direction: INOUT; Use: POWER;: has an unconnected terminal at (2145.000, 2745.440) (2210.000, 2776.500)
Net VDD_CORE, Pin Pin: pc3d01_14/VDD; Direction: INOUT; Use: POWER;: has an unconnected terminal at (2390.000, 2745.440) (2455.000, 2776.500)
Net VDD_CORE, Pin Pin: pc3d01_15/VDD; Direction: INOUT; Use: POWER;: has an unconnected terminal at (163.500, 430.000) (194.560, 495.000)
Net VDD_CORE, Pin Pin: pc3o05_1/VDD; Direction: INOUT; Use: POWER;: has an unconnected terminal at (163.500, 675.000) (194.560, 740.000)
Net VDD_CORE, Pin Pin: pc3o05_2/VDD; Direction: INOUT; Use: POWER;: has an unconnected terminal at (163.500, 920.000) (194.560, 985.000)
Net VDD_CORE, Pin Pin: pc3o05_3/VDD; Direction: INOUT; Use: POWER;: has an unconnected terminal at (163.500, 2145.000) (194.560, 2210.000)
Net VDD_CORE, Pin Pin: pc3o05_4/VDD; Direction: INOUT; Use: POWER;: has an unconnected terminal at (163.500, 2390.000) (194.560, 2455.000)
Net VDD_CORE, Pin Pin: pv0i_VSS_CORE_1/VDD; Direction: INOUT; Use: POWER;: has an unconnected terminal at (1410.000, 163.500) (1475.000, 194.560)
Net VDD_CORE, Pin Pin: pvda_VDDO_CORE_1/VDD; Direction: INOUT; Use: POWER;: has an unconnected terminal at (1655.000, 163.500) (1720.000, 194.560)
Net VDD_CORE, Pin Pin: pv0a_VSSO_CORE_1/VDD; Direction: INOUT; Use: POWER;: has an unconnected terminal at (1900.000, 163.500) (1965.000, 194.560)
Net VDD_CORE, Pin Pin: pv0i_VSS_CORE_2/VDD; Direction: INOUT; Use: POWER;: has an unconnected terminal at (2745.440, 1410.000) (2776.500, 1475.000)
Net VDD_CORE, Pin Pin: pvda_VDDO_CORE_2/VDD; Direction: INOUT; Use: POWER;: has an unconnected terminal at (2745.440, 1655.000) (2776.500, 1720.000)
Net VDD_CORE, Pin Pin: pv0a_VSSO_CORE_2/VDD; Direction: INOUT; Use: POWER;: has an unconnected terminal at (2745.440, 1900.000) (2776.500, 1965.000)
Net VDD_CORE, Pin Pin: pv0i_VSS_CORE_3/VDD; Direction: INOUT; Use: POWER;: has an unconnected terminal at (1410.000, 2745.440) (1475.000, 2776.500)
Net VDD_CORE, Pin Pin: pvda_VDDO_CORE_3/VDD; Direction: INOUT; Use: POWER;: has an unconnected terminal at (1655.000, 2745.440) (1720.000, 2776.500)
Net VDD_CORE, Pin Pin: pv0a_VSSO_CORE_3/VDD; Direction: INOUT; Use: POWER;: has an unconnected terminal at (1900.000, 2745.440) (1965.000, 2776.500)
Net VDD_CORE, Pin Pin: pv0i_VSS_CORE_4/VDD; Direction: INOUT; Use: POWER;: has an unconnected terminal at (163.500, 1410.000) (194.560, 1475.000)
Net VDD_CORE, Pin Pin: pvda_VDDO_CORE_4/VDD; Direction: INOUT; Use: POWER;: has an unconnected terminal at (163.500, 1655.000) (194.560, 1720.000)
Net VDD_CORE, Pin Pin: pv0a_VSSO_CORE_4/VDD; Direction: INOUT; Use: POWER;: has an unconnected terminal at (163.500, 1900.000) (194.560, 1965.000)
Net VDD_CORE: has special routes with opens at (61.000, 61.000) (2879.000, 2879.000)
Net VSS_CORE, Pin Pin: pc3c01_1/VSS; Direction: INOUT; Use: GROUND;: has an unconnected terminal at (430.000, 123.850) (495.000, 154.560)
Net VSS_CORE, Pin Pin: pc3d01_1/VSS; Direction: INOUT; Use: GROUND;: has an unconnected terminal at (675.000, 123.850) (740.000, 154.560)
Net VSS_CORE, Pin Pin: pc3d01_2/VSS; Direction: INOUT; Use: GROUND;: has an unconnected terminal at (920.000, 123.850) (985.000, 154.560)
Net VSS_CORE, Pin Pin: pc3d01_3/VSS; Direction: INOUT; Use: GROUND;: has an unconnected terminal at (2145.000, 123.850) (2210.000, 154.560)
Net VSS_CORE, Pin Pin: pc3d01_4/VSS; Direction: INOUT; Use: GROUND;: has an unconnected terminal at (2390.000, 123.850) (2455.000, 154.560)
Net VSS_CORE, Pin Pin: pc3d01_5/VSS; Direction: INOUT; Use: GROUND;: has an unconnected terminal at (2785.440, 430.000) (2816.150, 495.000)
Net VSS_CORE, Pin Pin: pc3d01_6/VSS; Direction: INOUT; Use: GROUND;: has an unconnected terminal at (2785.440, 675.000) (2816.150, 740.000)
Net VSS_CORE, Pin Pin: pc3d01_7/VSS; Direction: INOUT; Use: GROUND;: has an unconnected terminal at (2785.440, 920.000) (2816.150, 985.000)
Net VSS_CORE, Pin Pin: pc3d01_8/VSS; Direction: INOUT; Use: GROUND;: has an unconnected terminal at (2785.440, 2145.000) (2816.150, 2210.000)
Net VSS_CORE, Pin Pin: pc3d01_9/VSS; Direction: INOUT; Use: GROUND;: has an unconnected terminal at (2785.440, 2390.000) (2816.150, 2455.000)
Net VSS_CORE, Pin Pin: pc3d01_10/VSS; Direction: INOUT; Use: GROUND;: has an unconnected terminal at (430.000, 2785.440) (495.000, 2816.150)
Net VSS_CORE, Pin Pin: pc3d01_11/VSS; Direction: INOUT; Use: GROUND;: has an unconnected terminal at (675.000, 2785.440) (740.000, 2816.150)
Net VSS_CORE, Pin Pin: pc3d01_12/VSS; Direction: INOUT; Use: GROUND;: has an unconnected terminal at (920.000, 2785.440) (985.000, 2816.150)
Net VSS_CORE, Pin Pin: pc3d01_13/VSS; Direction: INOUT; Use: GROUND;: has an unconnected terminal at (2145.000, 2785.440) (2210.000, 2816.150)
Net VSS_CORE, Pin Pin: pc3d01_14/VSS; Direction: INOUT; Use: GROUND;: has an unconnected terminal at (2390.000, 2785.440) (2455.000, 2816.150)
Net VSS_CORE, Pin Pin: pc3d01_15/VSS; Direction: INOUT; Use: GROUND;: has an unconnected terminal at (123.850, 430.000) (154.560, 495.000)
Net VSS_CORE, Pin Pin: pc3o05_1/VSS; Direction: INOUT; Use: GROUND;: has an unconnected terminal at (123.850, 675.000) (154.560, 740.000)
Net VSS_CORE, Pin Pin: pc3o05_2/VSS; Direction: INOUT; Use: GROUND;: has an unconnected terminal at (123.850, 920.000) (154.560, 985.000)
Net VSS_CORE, Pin Pin: pc3o05_3/VSS; Direction: INOUT; Use: GROUND;: has an unconnected terminal at (123.850, 2145.000) (154.560, 2210.000)
Net VSS_CORE, Pin Pin: pc3o05_4/VSS; Direction: INOUT; Use: GROUND;: has an unconnected terminal at (123.850, 2390.000) (154.560, 2455.000)
Net VSS_CORE, Pin Pin: pvdi_VDD_CORE_1/VSS; Direction: INOUT; Use: GROUND;: has an unconnected terminal at (1165.000, 123.850) (1230.000, 154.560)
Net VSS_CORE, Pin Pin: pvda_VDDO_CORE_1/VSS; Direction: INOUT; Use: GROUND;: has an unconnected terminal at (1655.000, 123.850) (1720.000, 154.560)
Net VSS_CORE, Pin Pin: pv0a_VSSO_CORE_1/VSS; Direction: INOUT; Use: GROUND;: has an unconnected terminal at (1900.000, 123.850) (1965.000, 154.560)
Net VSS_CORE, Pin Pin: pvdi_VDD_CORE_2/VSS; Direction: INOUT; Use: GROUND;: has an unconnected terminal at (2785.440, 1165.000) (2816.150, 1230.000)
Net VSS_CORE, Pin Pin: pvda_VDDO_CORE_2/VSS; Direction: INOUT; Use: GROUND;: has an unconnected terminal at (2785.440, 1655.000) (2816.150, 1720.000)
Net VSS_CORE, Pin Pin: pv0a_VSSO_CORE_2/VSS; Direction: INOUT; Use: GROUND;: has an unconnected terminal at (2785.440, 1900.000) (2816.150, 1965.000)
Net VSS_CORE, Pin Pin: pvdi_VDD_CORE_3/VSS; Direction: INOUT; Use: GROUND;: has an unconnected terminal at (1165.000, 2785.440) (1230.000, 2816.150)
Net VSS_CORE, Pin Pin: pvda_VDDO_CORE_3/VSS; Direction: INOUT; Use: GROUND;: has an unconnected terminal at (1655.000, 2785.440) (1720.000, 2816.150)
Net VSS_CORE, Pin Pin: pv0a_VSSO_CORE_3/VSS; Direction: INOUT; Use: GROUND;: has an unconnected terminal at (1900.000, 2785.440) (1965.000, 2816.150)
Net VSS_CORE, Pin Pin: pvdi_VDD_CORE_4/VSS; Direction: INOUT; Use: GROUND;: has an unconnected terminal at (123.850, 1165.000) (154.560, 1230.000)
Net VSS_CORE, Pin Pin: pvda_VDDO_CORE_4/VSS; Direction: INOUT; Use: GROUND;: has an unconnected terminal at (123.850, 1655.000) (154.560, 1720.000)
Net VSS_CORE, Pin Pin: pv0a_VSSO_CORE_4/VSS; Direction: INOUT; Use: GROUND;: has an unconnected terminal at (123.850, 1900.000) (154.560, 1965.000)
Net VSS_CORE: has special routes with opens at (61.000, 61.000) (2879.000, 2879.000)
Net VDDO_CORE: no routing
Net VSSO_CORE: no routing

Begin Summary
    2 Problem(s) (IMPVFC-98): Net has no global routing and no special routing.
    64 Problem(s) (IMPVFC-96): Terminal(s) are not connected.
    2 Problem(s) (IMPVFC-200): Special Wires: Pieces of the net are not connected together.
    68 total info(s) created.
End Summary
