============================================================
  Generated by:           Genus(TM) Synthesis Solution 20.11-s111_1
  Generated on:           Jul 27 2026  12:13:41 pm
  Module:                 C2S0306
  Technology libraries:   tsl18fs120_scl_ss 1
                          tsl18cio150_max 1.0
  Operating conditions:   tsl18cio150_max (worst_case_tree)
  Wireload mode:          enclosed
  Area mode:              timing library
============================================================

Timing
--------

     Clock      Period 
-----------------------
MAIN_CLK       58000.0 
vir_main_clk_i 58000.0 


     Cost        Critical         Violating 
     Group      Path Slack  TNS     Paths   
--------------------------------------------
default           No paths   0.0            
I2O               No paths   0.0            
I2R                42470.3   0.0          0 
MAIN_CLK          No paths   0.0            
R2O                48862.3   0.0          0 
R2R                 1467.3   0.0          0 
vir_main_clk_i    No paths   0.0            
--------------------------------------------
Total                        0.0          0 

Instance Count
--------------
Leaf Instance Count             77865 
Physical Instance count             0 
Sequential Instance Count       19892 
Combinational Instance Count    57973 
Hierarchical Instance Count        33 

Area
----
Cell Area                          2545485.519
Physical Cell Area                 0.000
Total Cell Area (Cell+Physical)    2545485.519
Net Area                           117857.744
Total Area (Cell+Physical+Net)     2663343.263

Runtime                            1677.865433 seconds
Elapsed Runtime                    2510 seconds
Genus peak memory usage            1925.73 
Innovus peak memory usage          no_value 
Hostname                           c2sgpr065.Cambridge.edu.in
