============================================================
  Generated by:           Genus(TM) Synthesis Solution 20.11-s111_1
  Generated on:           Jul 27 2026  11:59:55 am
  Module:                 C2S0306
  Technology libraries:   tsl18fs120_scl_ss 1
                          tsl18cio150_max 1.0
  Operating conditions:   tsl18cio150_max (worst_case_tree)
  Wireload mode:          enclosed
  Area mode:              timing library
============================================================

                               Leakage  
 Gate   Instances    Area    Power (nW)       Library      
-----------------------------------------------------------
pc3c01          1   1295.440     61.979    tsl18cio150_max 
pc3d01         15  19431.601   5839.022    tsl18cio150_max 
pc3o05          4   5181.760   1548.521    tsl18cio150_max 
-----------------------------------------------------------
total          20  25908.801   7449.521                    


                                            Leakage  Leakage 
     Type      Instances    Area   Area % Power (nW) Power % 
-------------------------------------------------------------
timing_model          20 25908.801  100.0   7449.521    10.9 
sequential         19892     0.000    0.0  56911.012    83.2 
inverter              68     0.000    0.0     10.050     0.0 
logic             123546     0.000    0.0   4068.805     5.9 
physical_cells         0     0.000    0.0      0.000     0.0 
-------------------------------------------------------------
total             143526 25908.801  100.0  68439.389   100.0 

