============================================================
  Generated by:           Genus(TM) Synthesis Solution 20.11-s111_1
  Generated on:           Jul 27 2026  11:59:37 am
  Module:                 C2S0306
  Technology libraries:   tsl18fs120_scl_ss 1
                          tsl18cio150_max 1.0
  Operating conditions:   tsl18cio150_max (worst_case_tree)
  Wireload mode:          enclosed
  Area mode:              timing library
============================================================

               Instance                              Module               Cell Count   Cell Area  Net Area   Total Area   Wireload   
-------------------------------------------------------------------------------------------------------------------------------------
C2S0306                                                                       143526 4099453.959     0.680  4099454.639 8000000 (S)  
  u_crypto_synth_top                   crypto_synth_top                       143506 4073545.158     0.000  4073545.158 8000000 (S)  
    u_piso                             piso32                                    232    6884.051     0.000     6884.051    8000 (S)  
    u_sipo                             sipo32                                     90    5460.855     0.000     5460.855    8000 (S)  
    u_top                              crypto_accelerator_top                 143182 4061158.082     0.000  4061158.082 8000000 (S)  
      u_aes                            aes                                     32906  851155.498     0.000   851155.498 1000000 (S)  
        core                           aes_core                                32074  806319.555     0.000   806319.555 1000000 (S)  
          dec_block                    aes_decipher_block                       7637  168221.758     0.000   168221.758  280000 (S)  
            inv_sbox_inst              aes_inv_sbox                             3259   68714.007     0.000    68714.007   70000 (S)  
          enc_block                    aes_encipher_block                       4153   94763.764     0.000    94763.764  140000 (S)  
          keymem                       aes_key_mem                             16478  462886.566     0.000   462886.566  540000 (S)  
          sbox_inst                    aes_sbox                                 3282   69198.948     0.000    69198.948   70000 (S)  
      u_apb_slave                      apb_slave                                   4      84.338     0.000       84.338   ForQA (S)  
      u_decoder                        crypto_decoder                              5     105.422     0.000      105.422    4000 (S)  
      u_rsa                            modexp                                  93890 2769412.754     0.000  2769412.754 4000000 (S)  
        core_inst                      modexp_core                             93384 2757869.054     0.000  2757869.054 4000000 (S)  
          exponent_mem                 blockmem2r1wptr                          6329  191203.736     0.000   191203.736  280000 (S)  
          inc_add_478_49               increment_unsigned_6267_6400              123    2593.379     0.000     2593.379    4000 (S)  
          inc_add_483_56               increment_unsigned_6267_6400_2900         123    2593.379     0.000     2593.379    4000 (S)  
          message_mem                  blockmem2r1wptr_1746                     6788  200881.469     0.000   200881.469  280000 (S)  
          modulus_mem                  blockmem2r1wptr_1747                     6312  190845.302     0.000   190845.302  280000 (S)  
          montprod_inst                montprod                                 4398  151280.455     0.000   151280.455  280000 (S)  
            s_adder_sa                 adder32                                   261    5503.024     0.000     5503.024    8000 (S)  
              addinc_add_57_43         add_unsigned_carry_7797                   261    5503.024     0.000     5503.024    8000 (S)  
            s_adder_sm                 adder32_1744                              261    5503.024     0.000     5503.024    8000 (S)  
              addinc_add_57_43         add_unsigned_carry_7797_2778              261    5503.024     0.000     5503.024    8000 (S)  
            s_mem                      blockmem1r1w                             3177  122647.862     0.000   122647.862  140000 (S)  
          p_mem                        blockmem2r1w_1745                        6754  199753.454     0.000   199753.454  280000 (S)  
          residue_inst                 residue                                   753   17921.726     0.000    17921.726   35000 (S)  
            subcmp                     adder32_1743                              261    5503.024     0.000     5503.024    8000 (S)  
              addinc_add_57_43         add_unsigned_carry_7797_2778              261    5503.024     0.000     5503.024    8000 (S)  
          residue_mem                  blockmem2r1w                             6251  189148.009     0.000   189148.009  280000 (S)  
          result_mem                   blockmem2rptr1w                         54495 1584586.337     0.000  1584586.337 2000000 (S)  
      u_rsa_adapter                    apb_to_secworks_rsa                         1      21.084     0.000       21.084   ForQA (S)  
      u_sha256                         sha256                                  16205  436794.641     0.000   436794.641  540000 (S)  
        core                           sha256_core                             13803  345414.921     0.000   345414.921  540000 (S)  
          add_312_27                   add_unsigned_315_17                       253    5334.349     0.000     5334.349    8000 (S)  
          add_313_27                   add_unsigned_315_17                       253    5334.349     0.000     5334.349    8000 (S)  
          add_314_27                   add_unsigned_315_17                       253    5334.349     0.000     5334.349    8000 (S)  
          add_315_27                   add_unsigned_315_17                       253    5334.349     0.000     5334.349    8000 (S)  
          add_316_27                   add_unsigned_315_17                       253    5334.349     0.000     5334.349    8000 (S)  
          add_317_27                   add_unsigned_315_17                       253    5334.349     0.000     5334.349    8000 (S)  
          add_318_27                   add_unsigned_315_17                       253    5334.349     0.000     5334.349    8000 (S)  
          add_319_27                   add_unsigned_315_17                       253    5334.349     0.000     5334.349    8000 (S)  
          add_430_26                   add_unsigned_315_17_2919                  253    5334.349     0.000     5334.349    8000 (S)  
          csa_tree_add_341_39_groupi   csa_tree_add_341_39_group_5              1194   25174.754     0.000    25174.754   35000 (S)  
          csa_tree_add_426_23_groupi   csa_tree_add_426_23_group_3504            586   12355.449     0.000    12355.449   16000 (S)  
          k_constants_inst             sha256_k_constants                        702   14801.238     0.000    14801.238   16000 (S)  
          w_mem_inst                   sha256_w_mem                             5398  140790.974     0.000   140790.974  280000 (S)  
            csa_tree_add_193_29_groupi csa_tree_add_193_29_group_2               892   18807.271     0.000    18807.271   35000 (S)  
      u_sha_adapter                    apb_to_secworks_sha256                      3      63.253     0.000       63.253   ForQA (S)  
  (S) = wireload was automatically selected
