============================================================
  Generated by:           Genus(TM) Synthesis Solution 20.11-s111_1
  Generated on:           Jul 27 2026  11:59:37 am
  Module:                 C2S0306
  Technology libraries:   tsl18fs120_scl_ss 1
                          tsl18cio150_max 1.0
  Operating conditions:   tsl18cio150_max (worst_case_tree)
  Wireload mode:          enclosed
  Area mode:              timing library
============================================================

Timing
--------

     Clock      Period 
-----------------------
MAIN_CLK       58000.0 
vir_main_clk_i 58000.0 


     Cost        Critical         Violating 
     Group      Path Slack  TNS     Paths   
--------------------------------------------
default           No paths   0.0            
I2O               No paths   0.0            
I2R                47903.5   0.0          0 
MAIN_CLK          No paths   0.0            
R2O                49751.6   0.0          0 
R2R                41319.2   0.0          0 
vir_main_clk_i    No paths   0.0            
--------------------------------------------
Total                        0.0          0 

Instance Count
--------------
Leaf Instance Count             143526 
Physical Instance count              0 
Sequential Instance Count        19892 
Combinational Instance Count    123634 
Hierarchical Instance Count         50 

Area
----
Cell Area                          4099453.959
Physical Cell Area                 0.000
Total Cell Area (Cell+Physical)    4099453.959
Net Area                           0.680
Total Area (Cell+Physical+Net)     4099454.639

Runtime                            1235.625741 seconds
Elapsed Runtime                    1668 seconds
Genus peak memory usage            1879.47 
Innovus peak memory usage          no_value 
Hostname                           c2sgpr065.Cambridge.edu.in
