============================================================
  Generated by:           Genus(TM) Synthesis Solution 20.11-s111_1
  Generated on:           Jul 27 2026  12:11:04 pm
  Module:                 C2S0306
  Technology libraries:   tsl18fs120_scl_ss 1
                          tsl18cio150_max 1.0
  Operating conditions:   tsl18cio150_max (worst_case_tree)
  Wireload mode:          enclosed
  Area mode:              timing library
============================================================

Timing
--------

     Clock      Period 
-----------------------
MAIN_CLK       58000.0 
vir_main_clk_i 58000.0 


     Cost        Critical         Violating 
     Group      Path Slack  TNS     Paths   
--------------------------------------------
default           No paths   0.0            
I2O               No paths   0.0            
I2R                43566.5   0.0          0 
MAIN_CLK          No paths   0.0            
R2O                48862.3   0.0          0 
R2R                 4102.1   0.0          0 
vir_main_clk_i    No paths   0.0            
--------------------------------------------
Total                        0.0          0 

Instance Count
--------------
Leaf Instance Count             78299 
Physical Instance count             0 
Sequential Instance Count       19892 
Combinational Instance Count    58407 
Hierarchical Instance Count        33 

Area
----
Cell Area                          2550261.351
Physical Cell Area                 0.000
Total Cell Area (Cell+Physical)    2550261.351
Net Area                           117854.219
Total Area (Cell+Physical+Net)     2668115.570

Runtime                            1677.865433 seconds
Elapsed Runtime                    2353 seconds
Genus peak memory usage            1968.73 
Innovus peak memory usage          no_value 
Hostname                           c2sgpr065.Cambridge.edu.in
