============================================================
  Generated by:           Genus(TM) Synthesis Solution 20.11-s111_1
  Generated on:           Jul 27 2026  12:11:11 pm
  Module:                 C2S0306
  Technology libraries:   tsl18fs120_scl_ss 1
                          tsl18cio150_max 1.0
  Operating conditions:   tsl18cio150_max (worst_case_tree)
  Wireload mode:          enclosed
  Area mode:              timing library
============================================================

                                     Leakage  
   Gate     Instances     Area     Power (nW)        Library       
-------------------------------------------------------------------
ad01d0              1       59.580      0.576    tsl18fs120_scl_ss 
ad01d1            637    37952.461    610.692    tsl18fs120_scl_ss 
ad01d2              1       62.720      1.516    tsl18fs120_scl_ss 
ah01d1            114     3933.000     85.933    tsl18fs120_scl_ss 
an02d1            122     1912.960     27.706    tsl18fs120_scl_ss 
an02d2             25      470.500     13.582    tsl18fs120_scl_ss 
an02d4            148     3248.600    180.116    tsl18fs120_scl_ss 
an02d7             17      586.500     59.398    tsl18fs120_scl_ss 
an02da             14      570.780     60.158    tsl18fs120_scl_ss 
an03d1             44      828.080     13.240    tsl18fs120_scl_ss 
an03d4              4      112.880      4.792    tsl18fs120_scl_ss 
an04d1             34      853.060      5.498    tsl18fs120_scl_ss 
an04d7              1       40.770      3.050    tsl18fs120_scl_ss 
an12d1             34      746.300     15.963    tsl18fs120_scl_ss 
an12d2              4      100.360      2.676    tsl18fs120_scl_ss 
an12d4             37     1044.140     49.617    tsl18fs120_scl_ss 
aoi211d1          430     8092.600    103.544    tsl18fs120_scl_ss 
aoi21d1           813    12747.840    120.649    tsl18fs120_scl_ss 
aoi221d1          741    18591.690    121.969    tsl18fs120_scl_ss 
aoi222d1         1121    35154.561    129.363    tsl18fs120_scl_ss 
aoi22d1         16012   301345.840   1240.770    tsl18fs120_scl_ss 
aoi311d1            5      109.750      1.292    tsl18fs120_scl_ss 
aoi31d1            30      564.600      3.945    tsl18fs120_scl_ss 
aoi322d1            6      207.000      0.568    tsl18fs120_scl_ss 
aoim211d1           4       87.800      1.907    tsl18fs120_scl_ss 
aoim21d1            5       94.100      1.958    tsl18fs120_scl_ss 
aoim22d1         1584    34768.802    830.333    tsl18fs120_scl_ss 
aoim2m11d1          1       28.220      0.361    tsl18fs120_scl_ss 
aoim31d1           32      702.400     15.728    tsl18fs120_scl_ss 
aon211d1          826    15545.320     41.639    tsl18fs120_scl_ss 
aor211d1           51     1279.590     26.229    tsl18fs120_scl_ss 
aor21d1            18      395.100      7.762    tsl18fs120_scl_ss 
aor221d1          278     8718.080    131.049    tsl18fs120_scl_ss 
aor221d2            1       34.500      0.789    tsl18fs120_scl_ss 
aor222d1          859    32324.171    346.091    tsl18fs120_scl_ss 
aor222d4           32     1404.800     41.824    tsl18fs120_scl_ss 
aor22d1           414    10387.260    131.321    tsl18fs120_scl_ss 
aor22d4             2       69.000      2.260    tsl18fs120_scl_ss 
aor311d1            2       50.180      0.816    tsl18fs120_scl_ss 
aor31d1            19      417.050      8.864    tsl18fs120_scl_ss 
bufbd3              1       21.950      1.148    tsl18fs120_scl_ss 
bufbda              1       53.310      3.639    tsl18fs120_scl_ss 
bufbdk              1       75.260      9.023    tsl18fs120_scl_ss 
buffd1              2       25.080      0.692    tsl18fs120_scl_ss 
buffd3             36      564.480     29.956    tsl18fs120_scl_ss 
buffd7              2       62.720      4.478    tsl18fs120_scl_ss 
buffda             33     1345.410     95.205    tsl18fs120_scl_ss 
cg01d1             32      903.040      8.483    tsl18fs120_scl_ss 
decrq1           3175   278796.744   2534.920    tsl18fs120_scl_ss 
decrq2              1       90.940      1.187    tsl18fs120_scl_ss 
decrq4              2      232.060      5.740    tsl18fs120_scl_ss 
deprq1              8      752.640      7.623    tsl18fs120_scl_ss 
dfcrb1            273    19691.489    229.593    tsl18fs120_scl_ss 
dfcrb2            135    10584.000    186.030    tsl18fs120_scl_ss 
dfcrb4              5      439.050     13.090    tsl18fs120_scl_ss 
dfcrn1             59     3885.740     38.946    tsl18fs120_scl_ss 
dfcrq1           1431    94245.661   1249.406    tsl18fs120_scl_ss 
dfcrq2              4      275.960      4.320    tsl18fs120_scl_ss 
dfcrq4             44     3311.440    112.948    tsl18fs120_scl_ss 
dfnrn1             32     1906.560     18.720    tsl18fs120_scl_ss 
dfnrq1          14720   877017.629  11586.112    tsl18fs120_scl_ss 
dfprb1              2      150.520      2.104    tsl18fs120_scl_ss 
inv0d0           1488     9329.760    219.926    tsl18fs120_scl_ss 
inv0d1           1193    11226.130    112.249    tsl18fs120_scl_ss 
inv0d2           1404    17606.160    286.556    tsl18fs120_scl_ss 
inv0d4            293     5514.260    119.632    tsl18fs120_scl_ss 
inv0d7             86     2426.920     60.535    tsl18fs120_scl_ss 
inv0da             70     2195.200     73.430    tsl18fs120_scl_ss 
invbd2            117     1834.560     19.434    tsl18fs120_scl_ss 
invbd4             38      834.100     14.755    tsl18fs120_scl_ss 
invbd7              3       94.080      1.584    tsl18fs120_scl_ss 
invbda             71     2671.730     49.664    tsl18fs120_scl_ss 
invbdf             50     2509.000     53.700    tsl18fs120_scl_ss 
invbdk             14      922.040     19.124    tsl18fs120_scl_ss 
mx02d1          15743   394991.870   5684.797    tsl18fs120_scl_ss 
mx02d2              1       28.220      0.664    tsl18fs120_scl_ss 
mx02d4              1       31.360      0.839    tsl18fs120_scl_ss 
mx04d1              1       59.580      0.544    tsl18fs120_scl_ss 
nd02d1           1683    21104.820     55.859    tsl18fs120_scl_ss 
nd02d2              5       94.100      0.339    tsl18fs120_scl_ss 
nd02d4              3       94.080      1.897    tsl18fs120_scl_ss 
nd02da              1       50.180      0.920    tsl18fs120_scl_ss 
nd03d1            227     3559.360      6.070    tsl18fs120_scl_ss 
nd03da              1       53.310      0.912    tsl18fs120_scl_ss 
nd04d1            659    12402.380     13.490    tsl18fs120_scl_ss 
nd12d1            290     4547.200     47.908    tsl18fs120_scl_ss 
nd12d2              7      175.630      1.987    tsl18fs120_scl_ss 
nd12d4              1       34.500      0.769    tsl18fs120_scl_ss 
nd13d1             18      395.100      2.554    tsl18fs120_scl_ss 
nd23d1              3       84.660      0.745    tsl18fs120_scl_ss 
nr02d0              5       62.700      0.698    tsl18fs120_scl_ss 
nr02d1            661     8288.940    115.014    tsl18fs120_scl_ss 
nr02d2             66     1242.120     27.317    tsl18fs120_scl_ss 
nr02d4             13      407.680     11.290    tsl18fs120_scl_ss 
nr02d7              5      203.850      5.480    tsl18fs120_scl_ss 
nr02da              1       50.180      1.264    tsl18fs120_scl_ss 
nr03d0              1       15.680      0.207    tsl18fs120_scl_ss 
nr03d1             63      987.840     19.045    tsl18fs120_scl_ss 
nr04d1            318     5984.760    113.081    tsl18fs120_scl_ss 
nr04d7              1       47.040      1.023    tsl18fs120_scl_ss 
nr13d1             23      504.850      7.636    tsl18fs120_scl_ss 
nr13d2              1       34.500      0.782    tsl18fs120_scl_ss 
nr23d1              5      125.450      1.280    tsl18fs120_scl_ss 
nr23d4             65     2242.500     85.020    tsl18fs120_scl_ss 
oai211d1          383     7208.060     12.026    tsl18fs120_scl_ss 
oai21d1           515     8075.200     28.861    tsl18fs120_scl_ss 
oai21d4             2       69.000      1.388    tsl18fs120_scl_ss 
oai221d1           62     1749.640      2.681    tsl18fs120_scl_ss 
oai222d1          430    12134.600     23.456    tsl18fs120_scl_ss 
oai222d4            1       47.040      0.650    tsl18fs120_scl_ss 
oai22d1          6151   115761.820    506.289    tsl18fs120_scl_ss 
oai311d1            3       75.270      0.094    tsl18fs120_scl_ss 
oai31d1            15      329.250      0.889    tsl18fs120_scl_ss 
oai321d1            1       31.360      0.046    tsl18fs120_scl_ss 
oai322d1            1       34.500      0.067    tsl18fs120_scl_ss 
oaim211d1          94     2358.460      7.388    tsl18fs120_scl_ss 
oaim21d1          364     6850.480     46.810    tsl18fs120_scl_ss 
oaim22d1          244     6121.960     59.341    tsl18fs120_scl_ss 
oaim31d1            2       50.180      0.217    tsl18fs120_scl_ss 
oan211d1          145     2728.900     22.867    tsl18fs120_scl_ss 
oan211d4            1       37.630      0.812    tsl18fs120_scl_ss 
or02d0              3       47.040      0.613    tsl18fs120_scl_ss 
or02d1            102     1599.360     34.374    tsl18fs120_scl_ss 
or02d2             31      583.420     21.480    tsl18fs120_scl_ss 
or02d4            369     9258.210    498.150    tsl18fs120_scl_ss 
or02d7              5      172.500     15.290    tsl18fs120_scl_ss 
or02da              6      244.620     25.842    tsl18fs120_scl_ss 
or03d0              7      153.650      2.107    tsl18fs120_scl_ss 
or03d1              6      131.700      2.408    tsl18fs120_scl_ss 
or04d0             40     1003.600     14.048    tsl18fs120_scl_ss 
or04d1             19      476.710      9.196    tsl18fs120_scl_ss 
ora211d1           24      602.160      7.728    tsl18fs120_scl_ss 
ora21d1             1       25.090      0.259    tsl18fs120_scl_ss 
ora31d1             1       25.090      0.257    tsl18fs120_scl_ss 
pc3c01              1     1295.440     61.979    tsl18cio150_max   
pc3d01             15    19431.601   5839.022    tsl18cio150_max   
pc3o05              4     5181.760   1548.521    tsl18cio150_max   
sdcrq4              1      100.350      3.370    tsl18fs120_scl_ss 
xn02d1              3      103.500      2.223    tsl18fs120_scl_ss 
xr02d1             17      533.120     10.169    tsl18fs120_scl_ss 
xr02d7              1       56.450      3.529    tsl18fs120_scl_ss 
xr03d1              7      373.170     10.325    tsl18fs120_scl_ss 
xr03d2              1       56.450      1.757    tsl18fs120_scl_ss 
-------------------------------------------------------------------
total           78299  2550261.351  36655.458                      


                                                      Leakage  Leakage 
     Library      Instances Instances %     Area    Power (nW) Power % 
-----------------------------------------------------------------------
tsl18cio150_max          20         0.0   25908.801   7449.521    20.3 
tsl18fs120_scl_ss     78279       100.0 2524352.549  29205.936    79.7 

                                              Leakage  Leakage 
     Type      Instances     Area    Area % Power (nW) Power % 
---------------------------------------------------------------
timing_model          20   25908.801    1.0   7449.521    20.3 
sequential         19892 1291480.784   50.6  15994.109    43.6 
inverter            4827   57163.940    2.2   1030.591     2.8 
buffer                76    2148.210    0.1    144.141     0.4 
logic              53484 1173559.615   46.0  12037.096    32.8 
physical_cells         0       0.000    0.0      0.000     0.0 
---------------------------------------------------------------
total              78299 2550261.351  100.0  36655.458   100.0 

