============================================================
  Generated by:           Genus(TM) Synthesis Solution 20.11-s111_1
  Generated on:           Jul 27 2026  12:11:04 pm
  Module:                 C2S0306
  Technology libraries:   tsl18fs120_scl_ss 1
                          tsl18cio150_max 1.0
  Operating conditions:   tsl18cio150_max (worst_case_tree)
  Wireload mode:          enclosed
  Area mode:              timing library
============================================================

         Instance                  Module          Cell Count   Cell Area   Net Area   Total Area   Wireload   
---------------------------------------------------------------------------------------------------------------
C2S0306                                                 78299 2550261.351 117854.219  2668115.570 4000000 (S)  
  u_crypto_synth_top       crypto_synth_top             78279 2524352.549 117777.423  2642129.972 4000000 (S)  
    u_piso                 piso32                          90    4076.900     84.245     4161.145    8000 (S)  
    u_sipo                 sipo32                         108    6579.490     54.310     6633.800    8000 (S)  
    u_top                  crypto_accelerator_top       78080 2513671.069 117618.649  2631289.718 4000000 (S)  
      u_aes                aes                          13770  441345.627  15184.496   456530.123  540000 (S)  
        core               aes_core                     13106  396063.487  14408.443   410471.930  540000 (S)  
          dec_block        aes_decipher_block            3873   70654.821   3178.814    73833.635  140000 (S)  
            inv_sbox_inst  aes_inv_sbox                  1750   27666.600   1275.382    28941.982   35000 (S)  
          enc_block        aes_encipher_block            1602   39914.571   1340.391    41254.962   70000 (S)  
          keymem           aes_key_mem                   5666  252759.526   7201.726   259961.252  280000 (S)  
          sbox_inst        aes_sbox                      1771   27857.770   1283.288    29141.058   35000 (S)  
      u_apb_slave          apb_slave                        2      43.910      0.000       43.910   ForQA (S)  
      u_decoder            crypto_decoder                   5      75.260      0.860       76.120   ForQA (S)  
      u_rsa                modexp                       58565 1824944.131  88969.077  1913913.208 2000000 (S)  
        core_inst          modexp_core                  58356 1819675.451  88386.571  1908062.022 2000000 (S)  
          exponent_mem     blockmem2r1wptr               4064  127968.202   4296.199   132264.402  140000 (S)  
          message_mem      blockmem2r1wptr_1746          4193  130672.302   4951.065   135623.367  140000 (S)  
          modulus_mem      blockmem2r1wptr_1747          4050  127933.442   4050.585   131984.028  140000 (S)  
          montprod_inst    montprod                      3312  118440.422   3645.173   122085.595  140000 (S)  
            s_adder_sa     adder32                         32    1906.560      4.023     1910.583    4000 (S)  
            s_adder_sm     adder32_1744                    32    1906.560      4.023     1910.583    4000 (S)  
            s_mem          blockmem1r1w                  2904  104777.102   2517.256   107294.358  140000 (S)  
          p_mem            blockmem2r1w_1745             4156  129656.222   5193.930   134850.153  140000 (S)  
          residue_inst     residue                        352   10935.370    150.350    11085.720   16000 (S)  
            subcmp         adder32_1743                    32    1906.560      4.023     1910.583    4000 (S)  
          residue_mem      blockmem2r1w                  4003  126788.612   4285.709   131074.322  140000 (S)  
          result_mem       blockmem2rptr1w              33672 1030562.197  57654.850  1088217.048 2000000 (S)  
      u_rsa_adapter        apb_to_secworks_rsa              1      15.680      0.000       15.680   ForQA (S)  
      u_sha256             sha256                        5563  243084.952   7188.529   250273.481  280000 (S)  
        core               sha256_core                   4160  163211.473   5135.954   168347.427  280000 (S)  
          k_constants_inst sha256_k_constants             385    5908.060    213.655     6121.715    8000 (S)  
          w_mem_inst       sha256_w_mem                  1679   69567.981   2748.837    72316.818   70000 (S)  
      u_sha_adapter        apb_to_secworks_sha256           3      37.630      0.616       38.246   ForQA (S)  
  (S) = wireload was automatically selected
