============================================================
  Generated by:           Genus(TM) Synthesis Solution 20.11-s111_1
  Generated on:           Jul 27 2026  12:13:27 pm
  Module:                 C2S0306
  Technology libraries:   tsl18fs120_scl_ss 1
                          tsl18cio150_max 1.0
  Operating conditions:   tsl18cio150_max (worst_case_tree)
  Wireload mode:          enclosed
  Area mode:              timing library
============================================================

         Instance                  Module          Cell Count   Cell Area   Net Area   Total Area   Wireload   
---------------------------------------------------------------------------------------------------------------
C2S0306                                                 77865 2545485.519 117857.744  2663343.263 4000000 (S)  
  u_crypto_synth_top       crypto_synth_top             77845 2519576.718 117763.021  2637339.739 4000000 (S)  
    u_piso                 piso32                          89    4076.900     84.102     4161.002    8000 (S)  
    u_sipo                 sipo32                          75    6071.460     48.607     6120.066    8000 (S)  
    u_top                  crypto_accelerator_top       77680 2509403.268 117360.309  2626763.578 4000000 (S)  
      u_aes                aes                          13717  440273.456  15196.683   455470.139  540000 (S)  
        core               aes_core                     13055  395032.077  14420.794   409452.871  540000 (S)  
          dec_block        aes_decipher_block            3864   70626.611   3173.466    73800.077  140000 (S)  
            inv_sbox_inst  aes_inv_sbox                  1748   27660.340   1275.288    28935.628   35000 (S)  
          enc_block        aes_encipher_block            1570   39093.210   1305.911    40399.121   70000 (S)  
          keymem           aes_key_mem                   5658  252587.106   7201.060   259788.166  280000 (S)  
          sbox_inst        aes_sbox                      1771   27848.350   1282.776    29131.126   35000 (S)  
      u_apb_slave          apb_slave                        2      43.910      0.000       43.910   ForQA (S)  
      u_decoder            crypto_decoder                   3      62.720      0.000       62.720   ForQA (S)  
      u_rsa                modexp                       58368 1822409.971  89046.089  1911456.060 2000000 (S)  
        core_inst          modexp_core                  58159 1817144.431  88463.208  1905607.639 2000000 (S)  
          exponent_mem     blockmem2r1wptr               4043  127795.712   4319.691   132115.403  140000 (S)  
          message_mem      blockmem2r1wptr_1746          4178  130528.032   5016.562   135544.594  140000 (S)  
          modulus_mem      blockmem2r1wptr_1747          4040  127873.882   4052.720   131926.603  140000 (S)  
          montprod_inst    montprod                      3299  118242.892   3644.409   121887.301  140000 (S)  
            s_adder_sa     adder32                         32    1906.560      4.023     1910.583    4000 (S)  
            s_adder_sm     adder32_1744                    32    1906.560      4.023     1910.583    4000 (S)  
            s_mem          blockmem1r1w                  2904  104777.102   2517.256   107294.358  140000 (S)  
          p_mem            blockmem2r1w_1745             4150  129559.002   5243.127   134802.130  140000 (S)  
          residue_inst     residue                        307    9859.750    143.212    10002.962   16000 (S)  
            subcmp         adder32_1743                    32    1906.560      4.023     1910.583    4000 (S)  
          residue_mem      blockmem2r1w                  4002  126782.342   4282.945   131065.287  140000 (S)  
          result_mem       blockmem2rptr1w              33601 1029972.287  57730.600  1087702.887 2000000 (S)  
      u_rsa_adapter        apb_to_secworks_rsa              1      15.680      0.000       15.680   ForQA (S)  
      u_sha256             sha256                        5449  242737.131   7119.228   249856.359  280000 (S)  
        core               sha256_core                   4046  162863.653   5066.433   167930.085  280000 (S)  
          k_constants_inst sha256_k_constants             385    5908.060    213.655     6121.715    8000 (S)  
          w_mem_inst       sha256_w_mem                  1629   69567.981   2710.998    72278.979   70000 (S)  
      u_sha_adapter        apb_to_secworks_sha256           1      37.630      0.000       37.630   ForQA (S)  
  (S) = wireload was automatically selected
