xrun(64): 20.09-s012: (c) Copyright 1995-2021 Cadence Design Systems, Inc.
TOOL:	xrun(64)	20.09-s012: Started on Jul 28, 2026 at 11:39:56 IST
xrun
	-f zero_delay_simulation.f
		-gui
		/home/scl_shuttle_8_3/tapeout/post_lec/C2S0306_withoutpg.v
		/home/scl_shuttle_8_3/tapeout/Crypto_Accelerator_Pad_Synthesis/tb/top/tb_crypto_synth_top.v
		/opt/sclpdkv3/scl180/stdcell/fs120/6M1L/verilog/vcs_sim_model/tsl18fs120_scl.v
		/opt/sclpdkv3/scl180/iopad/cio150/6M1L/verilog/tsl18cio150/zero/pc3c01.v
		/opt/sclpdkv3/scl180/iopad/cio150/6M1L/verilog/tsl18cio150/zero/pc3d01.v
		/opt/sclpdkv3/scl180/iopad/cio150/6M1L/verilog/tsl18cio150/zero/pc3o05.v
		/opt/sclpdkv3/scl180/iopad/cio150/6M1L/verilog/tsl18cio150/zero/pv0a.v
		/opt/sclpdkv3/scl180/iopad/cio150/6M1L/verilog/tsl18cio150/zero/pv0i.v
		/opt/sclpdkv3/scl180/iopad/cio150/6M1L/verilog/tsl18cio150/zero/pvda.v
		/opt/sclpdkv3/scl180/iopad/cio150/6M1L/verilog/tsl18cio150/zero/pvdi.v
		-relax
		-timescale 1ns/10ps
		-mess
		+delay_mode_zero
		-access +rwc
file: /opt/sclpdkv3/scl180/iopad/cio150/6M1L/verilog/tsl18cio150/zero/pv0a.v
	module worklib.pv0a:v
		errors: 0, warnings: 0
file: /opt/sclpdkv3/scl180/iopad/cio150/6M1L/verilog/tsl18cio150/zero/pv0i.v
	module worklib.pv0i:v
		errors: 0, warnings: 0
file: /opt/sclpdkv3/scl180/iopad/cio150/6M1L/verilog/tsl18cio150/zero/pvda.v
	module worklib.pvda:v
		errors: 0, warnings: 0
file: /opt/sclpdkv3/scl180/iopad/cio150/6M1L/verilog/tsl18cio150/zero/pvdi.v
	module worklib.pvdi:v
		errors: 0, warnings: 0
		Caching library 'worklib' ....... Done
	Elaborating the design hierarchy:
   pvdi pvdi_VDD_CORE_1 (.VSSO(VSSO_CORE),
                             |
xmelab: *E,CUVPOM (../post_lec/C2S0306_withoutpg.v,489799|29): Port name 'VSSO' of instance 'tb_crypto_synth_top.dut.pvdi_VDD_CORE_1' is invalid or has multiple connections and the instantiated module is defined in file '/opt/sclpdkv3/scl180/iopad/cio150/6M1L/verilog/tsl18cio150/zero/pvdi.v'.
	.VSS(VSS_CORE),
	   |
xmelab: *E,CUVPOM (../post_lec/C2S0306_withoutpg.v,489800|4): Port name 'VSS' of instance 'tb_crypto_synth_top.dut.pvdi_VDD_CORE_1' is invalid or has multiple connections and the instantiated module is defined in file '/opt/sclpdkv3/scl180/iopad/cio150/6M1L/verilog/tsl18cio150/zero/pvdi.v'.
	.VDDO(VDDO_CORE),
	    |
xmelab: *E,CUVPOM (../post_lec/C2S0306_withoutpg.v,489801|5): Port name 'VDDO' of instance 'tb_crypto_synth_top.dut.pvdi_VDD_CORE_1' is invalid or has multiple connections and the instantiated module is defined in file '/opt/sclpdkv3/scl180/iopad/cio150/6M1L/verilog/tsl18cio150/zero/pvdi.v'.
   pv0i pv0i_VSS_CORE_1 (.VSSO(VSSO_CORE),
                             |
xmelab: *E,CUVPOM (../post_lec/C2S0306_withoutpg.v,489803|29): Port name 'VSSO' of instance 'tb_crypto_synth_top.dut.pv0i_VSS_CORE_1' is invalid or has multiple connections and the instantiated module is defined in file '/opt/sclpdkv3/scl180/iopad/cio150/6M1L/verilog/tsl18cio150/zero/pv0i.v'.
	.VDDO(VDDO_CORE),
	    |
xmelab: *E,CUVPOM (../post_lec/C2S0306_withoutpg.v,489805|5): Port name 'VDDO' of instance 'tb_crypto_synth_top.dut.pv0i_VSS_CORE_1' is invalid or has multiple connections and the instantiated module is defined in file '/opt/sclpdkv3/scl180/iopad/cio150/6M1L/verilog/tsl18cio150/zero/pv0i.v'.
	.VDD(VDD_CORE));
	   |
xmelab: *E,CUVPOM (../post_lec/C2S0306_withoutpg.v,489806|4): Port name 'VDD' of instance 'tb_crypto_synth_top.dut.pv0i_VSS_CORE_1' is invalid or has multiple connections and the instantiated module is defined in file '/opt/sclpdkv3/scl180/iopad/cio150/6M1L/verilog/tsl18cio150/zero/pv0i.v'.
   pvda pvda_VDDO_CORE_1 (.VSSO(VSSO_CORE),
                              |
xmelab: *E,CUVPOM (../post_lec/C2S0306_withoutpg.v,489807|30): Port name 'VSSO' of instance 'tb_crypto_synth_top.dut.pvda_VDDO_CORE_1' is invalid or has multiple connections and the instantiated module is defined in file '/opt/sclpdkv3/scl180/iopad/cio150/6M1L/verilog/tsl18cio150/zero/pvda.v'.
	.VSS(VSS_CORE),
	   |
xmelab: *E,CUVPOM (../post_lec/C2S0306_withoutpg.v,489808|4): Port name 'VSS' of instance 'tb_crypto_synth_top.dut.pvda_VDDO_CORE_1' is invalid or has multiple connections and the instantiated module is defined in file '/opt/sclpdkv3/scl180/iopad/cio150/6M1L/verilog/tsl18cio150/zero/pvda.v'.
	.VDD(VDD_CORE));
	   |
xmelab: *E,CUVPOM (../post_lec/C2S0306_withoutpg.v,489810|4): Port name 'VDD' of instance 'tb_crypto_synth_top.dut.pvda_VDDO_CORE_1' is invalid or has multiple connections and the instantiated module is defined in file '/opt/sclpdkv3/scl180/iopad/cio150/6M1L/verilog/tsl18cio150/zero/pvda.v'.
	.VSS(VSS_CORE),
	   |
xmelab: *E,CUVPOM (../post_lec/C2S0306_withoutpg.v,489812|4): Port name 'VSS' of instance 'tb_crypto_synth_top.dut.pv0a_VSSO_CORE_1' is invalid or has multiple connections and the instantiated module is defined in file '/opt/sclpdkv3/scl180/iopad/cio150/6M1L/verilog/tsl18cio150/zero/pv0a.v'.
	.VDDO(VDDO_CORE),
	    |
xmelab: *E,CUVPOM (../post_lec/C2S0306_withoutpg.v,489813|5): Port name 'VDDO' of instance 'tb_crypto_synth_top.dut.pv0a_VSSO_CORE_1' is invalid or has multiple connections and the instantiated module is defined in file '/opt/sclpdkv3/scl180/iopad/cio150/6M1L/verilog/tsl18cio150/zero/pv0a.v'.
	.VDD(VDD_CORE));
	   |
xmelab: *E,CUVPOM (../post_lec/C2S0306_withoutpg.v,489814|4): Port name 'VDD' of instance 'tb_crypto_synth_top.dut.pv0a_VSSO_CORE_1' is invalid or has multiple connections and the instantiated module is defined in file '/opt/sclpdkv3/scl180/iopad/cio150/6M1L/verilog/tsl18cio150/zero/pv0a.v'.
   pvdi pvdi_VDD_CORE_2 (.VSSO(VSSO_CORE),
                             |
xmelab: *E,CUVPOM (../post_lec/C2S0306_withoutpg.v,489815|29): Port name 'VSSO' of instance 'tb_crypto_synth_top.dut.pvdi_VDD_CORE_2' is invalid or has multiple connections and the instantiated module is defined in file '/opt/sclpdkv3/scl180/iopad/cio150/6M1L/verilog/tsl18cio150/zero/pvdi.v'.
	.VSS(VSS_CORE),
	   |
xmelab: *E,CUVPOM (../post_lec/C2S0306_withoutpg.v,489816|4): Port name 'VSS' of instance 'tb_crypto_synth_top.dut.pvdi_VDD_CORE_2' is invalid or has multiple connections and the instantiated module is defined in file '/opt/sclpdkv3/scl180/iopad/cio150/6M1L/verilog/tsl18cio150/zero/pvdi.v'.
	.VDDO(VDDO_CORE),
	    |
xmelab: *E,CUVPOM (../post_lec/C2S0306_withoutpg.v,489817|5): Port name 'VDDO' of instance 'tb_crypto_synth_top.dut.pvdi_VDD_CORE_2' is invalid or has multiple connections and the instantiated module is defined in file '/opt/sclpdkv3/scl180/iopad/cio150/6M1L/verilog/tsl18cio150/zero/pvdi.v'.
   pv0i pv0i_VSS_CORE_2 (.VSSO(VSSO_CORE),
                             |
xmelab: *E,CUVPOM (../post_lec/C2S0306_withoutpg.v,489819|29): Port name 'VSSO' of instance 'tb_crypto_synth_top.dut.pv0i_VSS_CORE_2' is invalid or has multiple connections and the instantiated module is defined in file '/opt/sclpdkv3/scl180/iopad/cio150/6M1L/verilog/tsl18cio150/zero/pv0i.v'.
	.VDDO(VDDO_CORE),
	    |
xmelab: *E,CUVPOM (../post_lec/C2S0306_withoutpg.v,489821|5): Port name 'VDDO' of instance 'tb_crypto_synth_top.dut.pv0i_VSS_CORE_2' is invalid or has multiple connections and the instantiated module is defined in file '/opt/sclpdkv3/scl180/iopad/cio150/6M1L/verilog/tsl18cio150/zero/pv0i.v'.
	.VDD(VDD_CORE));
	   |
xmelab: *E,CUVPOM (../post_lec/C2S0306_withoutpg.v,489822|4): Port name 'VDD' of instance 'tb_crypto_synth_top.dut.pv0i_VSS_CORE_2' is invalid or has multiple connections and the instantiated module is defined in file '/opt/sclpdkv3/scl180/iopad/cio150/6M1L/verilog/tsl18cio150/zero/pv0i.v'.
   pvda pvda_VDDO_CORE_2 (.VSSO(VSSO_CORE),
                              |
xmelab: *E,CUVPOM (../post_lec/C2S0306_withoutpg.v,489823|30): Port name 'VSSO' of instance 'tb_crypto_synth_top.dut.pvda_VDDO_CORE_2' is invalid or has multiple connections and the instantiated module is defined in file '/opt/sclpdkv3/scl180/iopad/cio150/6M1L/verilog/tsl18cio150/zero/pvda.v'.
	.VSS(VSS_CORE),
	   |
xmelab: *E,CUVPOM (../post_lec/C2S0306_withoutpg.v,489824|4): Port name 'VSS' of instance 'tb_crypto_synth_top.dut.pvda_VDDO_CORE_2' is invalid or has multiple connections and the instantiated module is defined in file '/opt/sclpdkv3/scl180/iopad/cio150/6M1L/verilog/tsl18cio150/zero/pvda.v'.
	.VDD(VDD_CORE));
	   |
xmelab: *E,CUVPOM (../post_lec/C2S0306_withoutpg.v,489826|4): Port name 'VDD' of instance 'tb_crypto_synth_top.dut.pvda_VDDO_CORE_2' is invalid or has multiple connections and the instantiated module is defined in file '/opt/sclpdkv3/scl180/iopad/cio150/6M1L/verilog/tsl18cio150/zero/pvda.v'.
	.VSS(VSS_CORE),
	   |
xmelab: *E,CUVPOM (../post_lec/C2S0306_withoutpg.v,489828|4): Port name 'VSS' of instance 'tb_crypto_synth_top.dut.pv0a_VSSO_CORE_2' is invalid or has multiple connections and the instantiated module is defined in file '/opt/sclpdkv3/scl180/iopad/cio150/6M1L/verilog/tsl18cio150/zero/pv0a.v'.
	.VDDO(VDDO_CORE),
	    |
xmelab: *E,CUVPOM (../post_lec/C2S0306_withoutpg.v,489829|5): Port name 'VDDO' of instance 'tb_crypto_synth_top.dut.pv0a_VSSO_CORE_2' is invalid or has multiple connections and the instantiated module is defined in file '/opt/sclpdkv3/scl180/iopad/cio150/6M1L/verilog/tsl18cio150/zero/pv0a.v'.
	.VDD(VDD_CORE));
	   |
xmelab: *E,CUVPOM (../post_lec/C2S0306_withoutpg.v,489830|4): Port name 'VDD' of instance 'tb_crypto_synth_top.dut.pv0a_VSSO_CORE_2' is invalid or has multiple connections and the instantiated module is defined in file '/opt/sclpdkv3/scl180/iopad/cio150/6M1L/verilog/tsl18cio150/zero/pv0a.v'.
   pvdi pvdi_VDD_CORE_3 (.VSSO(VSSO_CORE),
                             |
xmelab: *E,CUVPOM (../post_lec/C2S0306_withoutpg.v,489831|29): Port name 'VSSO' of instance 'tb_crypto_synth_top.dut.pvdi_VDD_CORE_3' is invalid or has multiple connections and the instantiated module is defined in file '/opt/sclpdkv3/scl180/iopad/cio150/6M1L/verilog/tsl18cio150/zero/pvdi.v'.
	.VSS(VSS_CORE),
	   |
xmelab: *E,CUVPOM (../post_lec/C2S0306_withoutpg.v,489832|4): Port name 'VSS' of instance 'tb_crypto_synth_top.dut.pvdi_VDD_CORE_3' is invalid or has multiple connections and the instantiated module is defined in file '/opt/sclpdkv3/scl180/iopad/cio150/6M1L/verilog/tsl18cio150/zero/pvdi.v'.
	.VDDO(VDDO_CORE),
	    |
xmelab: *E,CUVPOM (../post_lec/C2S0306_withoutpg.v,489833|5): Port name 'VDDO' of instance 'tb_crypto_synth_top.dut.pvdi_VDD_CORE_3' is invalid or has multiple connections and the instantiated module is defined in file '/opt/sclpdkv3/scl180/iopad/cio150/6M1L/verilog/tsl18cio150/zero/pvdi.v'.
   pv0i pv0i_VSS_CORE_3 (.VSSO(VSSO_CORE),
                             |
xmelab: *E,CUVPOM (../post_lec/C2S0306_withoutpg.v,489835|29): Port name 'VSSO' of instance 'tb_crypto_synth_top.dut.pv0i_VSS_CORE_3' is invalid or has multiple connections and the instantiated module is defined in file '/opt/sclpdkv3/scl180/iopad/cio150/6M1L/verilog/tsl18cio150/zero/pv0i.v'.
	.VDDO(VDDO_CORE),
	    |
xmelab: *E,CUVPOM (../post_lec/C2S0306_withoutpg.v,489837|5): Port name 'VDDO' of instance 'tb_crypto_synth_top.dut.pv0i_VSS_CORE_3' is invalid or has multiple connections and the instantiated module is defined in file '/opt/sclpdkv3/scl180/iopad/cio150/6M1L/verilog/tsl18cio150/zero/pv0i.v'.
	.VDD(VDD_CORE));
	   |
xmelab: *E,CUVPOM (../post_lec/C2S0306_withoutpg.v,489838|4): Port name 'VDD' of instance 'tb_crypto_synth_top.dut.pv0i_VSS_CORE_3' is invalid or has multiple connections and the instantiated module is defined in file '/opt/sclpdkv3/scl180/iopad/cio150/6M1L/verilog/tsl18cio150/zero/pv0i.v'.
   pvda pvda_VDDO_CORE_3 (.VSSO(VSSO_CORE),
                              |
xmelab: *E,CUVPOM (../post_lec/C2S0306_withoutpg.v,489839|30): Port name 'VSSO' of instance 'tb_crypto_synth_top.dut.pvda_VDDO_CORE_3' is invalid or has multiple connections and the instantiated module is defined in file '/opt/sclpdkv3/scl180/iopad/cio150/6M1L/verilog/tsl18cio150/zero/pvda.v'.
	.VSS(VSS_CORE),
	   |
xmelab: *E,CUVPOM (../post_lec/C2S0306_withoutpg.v,489840|4): Port name 'VSS' of instance 'tb_crypto_synth_top.dut.pvda_VDDO_CORE_3' is invalid or has multiple connections and the instantiated module is defined in file '/opt/sclpdkv3/scl180/iopad/cio150/6M1L/verilog/tsl18cio150/zero/pvda.v'.
	.VDD(VDD_CORE));
	   |
xmelab: *E,CUVPOM (../post_lec/C2S0306_withoutpg.v,489842|4): Port name 'VDD' of instance 'tb_crypto_synth_top.dut.pvda_VDDO_CORE_3' is invalid or has multiple connections and the instantiated module is defined in file '/opt/sclpdkv3/scl180/iopad/cio150/6M1L/verilog/tsl18cio150/zero/pvda.v'.
	.VSS(VSS_CORE),
	   |
xmelab: *E,CUVPOM (../post_lec/C2S0306_withoutpg.v,489844|4): Port name 'VSS' of instance 'tb_crypto_synth_top.dut.pv0a_VSSO_CORE_3' is invalid or has multiple connections and the instantiated module is defined in file '/opt/sclpdkv3/scl180/iopad/cio150/6M1L/verilog/tsl18cio150/zero/pv0a.v'.
	.VDDO(VDDO_CORE),
	    |
xmelab: *E,CUVPOM (../post_lec/C2S0306_withoutpg.v,489845|5): Port name 'VDDO' of instance 'tb_crypto_synth_top.dut.pv0a_VSSO_CORE_3' is invalid or has multiple connections and the instantiated module is defined in file '/opt/sclpdkv3/scl180/iopad/cio150/6M1L/verilog/tsl18cio150/zero/pv0a.v'.
	.VDD(VDD_CORE));
	   |
xmelab: *E,CUVPOM (../post_lec/C2S0306_withoutpg.v,489846|4): Port name 'VDD' of instance 'tb_crypto_synth_top.dut.pv0a_VSSO_CORE_3' is invalid or has multiple connections and the instantiated module is defined in file '/opt/sclpdkv3/scl180/iopad/cio150/6M1L/verilog/tsl18cio150/zero/pv0a.v'.
   pvdi pvdi_VDD_CORE_4 (.VSSO(VSSO_CORE),
                             |
xmelab: *E,CUVPOM (../post_lec/C2S0306_withoutpg.v,489847|29): Port name 'VSSO' of instance 'tb_crypto_synth_top.dut.pvdi_VDD_CORE_4' is invalid or has multiple connections and the instantiated module is defined in file '/opt/sclpdkv3/scl180/iopad/cio150/6M1L/verilog/tsl18cio150/zero/pvdi.v'.
	.VSS(VSS_CORE),
	   |
xmelab: *E,CUVPOM (../post_lec/C2S0306_withoutpg.v,489848|4): Port name 'VSS' of instance 'tb_crypto_synth_top.dut.pvdi_VDD_CORE_4' is invalid or has multiple connections and the instantiated module is defined in file '/opt/sclpdkv3/scl180/iopad/cio150/6M1L/verilog/tsl18cio150/zero/pvdi.v'.
	.VDDO(VDDO_CORE),
	    |
xmelab: *E,CUVPOM (../post_lec/C2S0306_withoutpg.v,489849|5): Port name 'VDDO' of instance 'tb_crypto_synth_top.dut.pvdi_VDD_CORE_4' is invalid or has multiple connections and the instantiated module is defined in file '/opt/sclpdkv3/scl180/iopad/cio150/6M1L/verilog/tsl18cio150/zero/pvdi.v'.
   pv0i pv0i_VSS_CORE_4 (.VSSO(VSSO_CORE),
                             |
xmelab: *E,CUVPOM (../post_lec/C2S0306_withoutpg.v,489851|29): Port name 'VSSO' of instance 'tb_crypto_synth_top.dut.pv0i_VSS_CORE_4' is invalid or has multiple connections and the instantiated module is defined in file '/opt/sclpdkv3/scl180/iopad/cio150/6M1L/verilog/tsl18cio150/zero/pv0i.v'.
	.VDDO(VDDO_CORE),
	    |
xmelab: *E,CUVPOM (../post_lec/C2S0306_withoutpg.v,489853|5): Port name 'VDDO' of instance 'tb_crypto_synth_top.dut.pv0i_VSS_CORE_4' is invalid or has multiple connections and the instantiated module is defined in file '/opt/sclpdkv3/scl180/iopad/cio150/6M1L/verilog/tsl18cio150/zero/pv0i.v'.
	.VDD(VDD_CORE));
	   |
xmelab: *E,CUVPOM (../post_lec/C2S0306_withoutpg.v,489854|4): Port name 'VDD' of instance 'tb_crypto_synth_top.dut.pv0i_VSS_CORE_4' is invalid or has multiple connections and the instantiated module is defined in file '/opt/sclpdkv3/scl180/iopad/cio150/6M1L/verilog/tsl18cio150/zero/pv0i.v'.
   pvda pvda_VDDO_CORE_4 (.VSSO(VSSO_CORE),
                              |
xmelab: *E,CUVPOM (../post_lec/C2S0306_withoutpg.v,489855|30): Port name 'VSSO' of instance 'tb_crypto_synth_top.dut.pvda_VDDO_CORE_4' is invalid or has multiple connections and the instantiated module is defined in file '/opt/sclpdkv3/scl180/iopad/cio150/6M1L/verilog/tsl18cio150/zero/pvda.v'.
	.VSS(VSS_CORE),
	   |
xmelab: *E,CUVPOM (../post_lec/C2S0306_withoutpg.v,489856|4): Port name 'VSS' of instance 'tb_crypto_synth_top.dut.pvda_VDDO_CORE_4' is invalid or has multiple connections and the instantiated module is defined in file '/opt/sclpdkv3/scl180/iopad/cio150/6M1L/verilog/tsl18cio150/zero/pvda.v'.
	.VDD(VDD_CORE));
	   |
xmelab: *E,CUVPOM (../post_lec/C2S0306_withoutpg.v,489858|4): Port name 'VDD' of instance 'tb_crypto_synth_top.dut.pvda_VDDO_CORE_4' is invalid or has multiple connections and the instantiated module is defined in file '/opt/sclpdkv3/scl180/iopad/cio150/6M1L/verilog/tsl18cio150/zero/pvda.v'.
	.VSS(VSS_CORE),
	   |
xmelab: *E,CUVPOM (../post_lec/C2S0306_withoutpg.v,489860|4): Port name 'VSS' of instance 'tb_crypto_synth_top.dut.pv0a_VSSO_CORE_4' is invalid or has multiple connections and the instantiated module is defined in file '/opt/sclpdkv3/scl180/iopad/cio150/6M1L/verilog/tsl18cio150/zero/pv0a.v'.
	.VDDO(VDDO_CORE),
	    |
xmelab: *E,CUVPOM (../post_lec/C2S0306_withoutpg.v,489861|5): Port name 'VDDO' of instance 'tb_crypto_synth_top.dut.pv0a_VSSO_CORE_4' is invalid or has multiple connections and the instantiated module is defined in file '/opt/sclpdkv3/scl180/iopad/cio150/6M1L/verilog/tsl18cio150/zero/pv0a.v'.
	.VDD(VDD_CORE));
	   |
xmelab: *E,CUVPOM (../post_lec/C2S0306_withoutpg.v,489862|4): Port name 'VDD' of instance 'tb_crypto_synth_top.dut.pv0a_VSSO_CORE_4' is invalid or has multiple connections and the instantiated module is defined in file '/opt/sclpdkv3/scl180/iopad/cio150/6M1L/verilog/tsl18cio150/zero/pv0a.v'.
xrun: *E,ELBERR: Error during elaboration (status 1), exiting.
TOOL:	xrun(64)	20.09-s012: Exiting on Jul 28, 2026 at 11:39:58 IST  (total: 00:00:02)
